             VMA              LMA     Size Align Out     In      Symbol
               0                0 80200000     1 . = 0x80200000
        80200000                0        0     1 __kernel_base = .
        80200000         80200000      2f0     2 .text
        80200000         80200000        e     2         /home/u/develop/rost_riscv/target/riscv64imac-unknown-none-elf/debug/deps/rost_riscv-4c15f3a86dfdbb2c.ejog7uowoolmo8gedcrnjuitm.rcgu.o:(.text.boot)
        80200000         80200000        0     1                 .L0 
        80200000         80200000        0     1                 .L0 
        80200000         80200000        0     1                 .Lpcrel_hi5
        80200000         80200000        0     1                 $x
        80200000         80200000        0     1                 .L0 
        80200000         80200000        e     1                 _entry
        8020000c         8020000c        0     1                 .L0 
        8020000e         8020000e        0     1                 .L0 
        8020000e         8020000e        0     1                 .L0 
        8020000e         8020000e        0     1                 .L0 
        8020000e         8020000e       f2     2         /home/u/develop/rost_riscv/target/riscv64imac-unknown-none-elf/debug/deps/rost_riscv-4c15f3a86dfdbb2c.2f40wl5k9hkvg0zk9at17yl6m.rcgu.o:(.text._ZN4core10intrinsics11write_bytes18precondition_check17hda39fab5622aa789E)
        8020000e         8020000e        0     1                 .L0 
        8020000e         8020000e        0     1                 .L0 
        8020000e         8020000e        0     1                 $x
        8020000e         8020000e        0     1                 .L0 
        8020000e         8020000e       f2     1                 core::intrinsics::write_bytes::precondition_check::hda39fab5622aa789
        80200010         80200010        0     1                 .L0 
        80200020         80200020        0     1                 .Lpcrel_hi0
        80200020         80200020        0     1                 .L0 
        80200020         80200020        0     1                 .L0 
        8020002a         8020002a        0     1                 .L0 
        8020002a         8020002a        0     1                 .L0 
        80200088         80200088        0     1                 .L0 
        8020008e         8020008e        0     1                 .L0 
        80200092         80200092        0     1                 .L0 
        80200092         80200092        0     1                 .L0 
        80200096         80200096        0     1                 .L0 
        80200098         80200098        0     1                 .L0 
        8020009a         8020009a        0     1                 .L0 
        8020009a         8020009a        0     1                 .L0 
        8020009e         8020009e        0     1                 .Lpcrel_hi1
        8020009e         8020009e        0     1                 .L0 
        8020009e         8020009e        0     1                 .L0 
        802000ac         802000ac        0     1                 .Lpcrel_hi2
        802000c4         802000c4        0     1                 .L0 
        802000c4         802000c4        0     1                 .Lpcrel_hi3
        802000c4         802000c4        0     1                 .L0 
        802000d6         802000d6        0     1                 .L0 
        802000d6         802000d6        0     1                 .L0 
        802000d8         802000d8        0     1                 .L0 
        802000de         802000de        0     1                 .L0 
        802000de         802000de        0     1                 .L0 
        802000e0         802000e0        0     1                 .L0 
        802000e2         802000e2        0     1                 .L0 
        802000e6         802000e6        0     1                 .L0 
        802000e8         802000e8        0     1                 .Lpcrel_hi4
        802000e8         802000e8        0     1                 .L0 
        802000fc         802000fc        0     1                 .L0 
        802000fe         802000fe        0     1                 .L0 
        80200100         80200100        0     1                 .L0 
        80200100         80200100        0     1                 .L0 
        80200100         80200100        0     1                 .L0 
        80200100         80200100       7a     2         /home/u/develop/rost_riscv/target/riscv64imac-unknown-none-elf/debug/deps/rost_riscv-4c15f3a86dfdbb2c.ejog7uowoolmo8gedcrnjuitm.rcgu.o:(.text.kernel_main)
        80200100         80200100        0     1                 .L0 
        80200100         80200100        0     1                 .L0 
        80200100         80200100        0     1                 $x
        80200100         80200100        0     1                 .L0 
        80200100         80200100       7a     1                 kernel_main
        80200104         80200104        0     1                 .Lpcrel_hi0
        80200104         80200104        0     1                 .L0 
        8020010e         8020010e        0     1                 .Lpcrel_hi1
        8020010e         8020010e        0     1                 .L0 
        8020010e         8020010e        0     1                 .L0 
        80200118         80200118        0     1                 .L0 
        80200118         80200118        0     1                 .L0 
        8020011e         8020011e        0     1                 .Lpcrel_hi2
        8020011e         8020011e        0     1                 .L0 
        80200132         80200132        0     1                 .Lpcrel_hi3
        80200140         80200140        0     1                 .L0 
        80200140         80200140        0     1                 .L0 
        80200148         80200148        0     1                 .L0 
        8020015c         8020015c        0     1                 .L0 
        80200166         80200166        0     1                 .L0 
        80200168         80200168        0     1                 .Lpcrel_hi4
        80200168         80200168        0     1                 .L0 
        80200178         80200178        0     1                 .L0 
        8020017a         8020017a        0     1                 .L0 
        8020017a         8020017a        0     1                 .L0 
        8020017a         8020017a        0     1                 .L0 
        8020017a         8020017a        0     1                 .L0 
        8020017a         8020017a        8     2         /home/u/develop/rost_riscv/target/riscv64imac-unknown-none-elf/debug/deps/rost_riscv-4c15f3a86dfdbb2c.ejog7uowoolmo8gedcrnjuitm.rcgu.o:(.text.rust_begin_unwind)
        8020017a         8020017a        0     1                 .L0 
        8020017a         8020017a        0     1                 .L0 
        8020017a         8020017a        0     1                 $x
        8020017a         8020017a        0     1                 .L0 
        8020017a         8020017a        8     1                 rust_begin_unwind
        8020017e         8020017e        0     1                 .L0 
        80200182         80200182        0     1                 .L0 
        80200182         80200182        0     1                 .L0 
        80200182         80200182        0     1                 .L0 
        80200182         80200182       22     2         /home/u/.rustup/toolchains/nightly-x86_64-unknown-linux-gnu/lib/rustlib/riscv64imac-unknown-none-elf/lib/libcore-9e7c54f03933e946.rlib(core-9e7c54f03933e946.core.d38e516c233c8d20-cgu.0.rcgu.o):(.text.unlikely._ZN4core9panicking9panic_fmt17h36b2d632fba62654E)
        80200182         80200182        0     1                 .L0 
        80200182         80200182        0     1                 .L0 
        80200182         80200182        0     1                 $x
        80200182         80200182        0     1                 .L0 
        80200182         80200182       22     1                 core::panicking::panic_fmt::h36b2d632fba62654
        8020018c         8020018c        0     1                 .L0 
        8020018c         8020018c        0     1                 .L0 
        80200198         80200198        0     1                 .L0 
        802001a4         802001a4        0     1                 .L0 
        802001a4         802001a4       50     2         /home/u/.rustup/toolchains/nightly-x86_64-unknown-linux-gnu/lib/rustlib/riscv64imac-unknown-none-elf/lib/libcore-9e7c54f03933e946.rlib(core-9e7c54f03933e946.core.d38e516c233c8d20-cgu.0.rcgu.o):(.text.unlikely._ZN4core9panicking18panic_nounwind_fmt17hbc3e7685880d85c7E)
        802001a4         802001a4        0     1                 .L0 
        802001a4         802001a4        0     1                 .L0 
        802001a4         802001a4        0     1                 $x
        802001a4         802001a4        0     1                 .L0 
        802001a4         802001a4       50     1                 core::panicking::panic_nounwind_fmt::hbc3e7685880d85c7
        802001ac         802001ac        0     1                 .L0 
        802001d8         802001d8        0     1                 .L0 
        802001d8         802001d8        0     1                 .L0 
        802001e8         802001e8        0     1                 .L0 
        802001f4         802001f4        0     1                 .L0 
        802001f4         802001f4       42     2         /home/u/.rustup/toolchains/nightly-x86_64-unknown-linux-gnu/lib/rustlib/riscv64imac-unknown-none-elf/lib/libcore-9e7c54f03933e946.rlib(core-9e7c54f03933e946.core.d38e516c233c8d20-cgu.0.rcgu.o):(.text.unlikely._ZN4core9panicking14panic_nounwind17h24a65206364148bfE)
        802001f4         802001f4        0     1                 .L0 
        802001f4         802001f4        0     1                 .L0 
        802001f4         802001f4        0     1                 $x
        802001f4         802001f4        0     1                 .L0 
        802001f4         802001f4       42     1                 core::panicking::panic_nounwind::h24a65206364148bf
        802001fc         802001fc        0     1                 .L0 
        8020020a         8020020a        0     1                 .L0 
        8020020a         8020020a        0     1                 .L0 
        80200220         80200220        0     1                 .Lpcrel_hi353
        80200220         80200220        0     1                 .L0 
        80200236         80200236        0     1                 .L0 
        80200236         80200236       36     2         /home/u/.rustup/toolchains/nightly-x86_64-unknown-linux-gnu/lib/rustlib/riscv64imac-unknown-none-elf/lib/libcore-9e7c54f03933e946.rlib(core-9e7c54f03933e946.core.d38e516c233c8d20-cgu.0.rcgu.o):(.text.unlikely._ZN4core9panicking11panic_const24panic_const_sub_overflow17hb3e527dd4e648c8aE)
        80200236         80200236        0     1                 .L0 
        80200236         80200236        0     1                 .L0 
        80200236         80200236        0     1                 $x
        80200236         80200236        0     1                 .L0 
        80200236         80200236       36     1                 core::panicking::panic_const::panic_const_sub_overflow::hb3e527dd4e648c8a
        80200240         80200240        0     1                 .Lpcrel_hi955
        80200240         80200240        0     1                 .L0 
        80200240         80200240        0     1                 .L0 
        80200260         80200260        0     1                 .L0 
        8020026c         8020026c        0     1                 .L0 
        8020026c         8020026c       84     2         /home/u/.rustup/toolchains/nightly-x86_64-unknown-linux-gnu/lib/rustlib/riscv64imac-unknown-none-elf/lib/libcompiler_builtins-4a582c3407f4ffac.rlib(compiler_builtins-4a582c3407f4ffac.compiler_builtins.359a4673af8eb3be-cgu.355.rcgu.o):(.text.memset)
        8020026c         8020026c        0     1                 .L0 
        8020026c         8020026c        0     1                 .L0 
        8020026c         8020026c        0     1                 $x
        8020026c         8020026c        0     1                 .L0 
        8020026c         8020026c       84     1                 memset
        80200274         80200274        0     1                 .L0 
        80200276         80200276        0     1                 .L0 
        80200276         80200276        0     1                 .L0 
        8020027a         8020027a        0     1                 .L0 
        8020027a         8020027a        0     1                 .L0 
        8020027e         8020027e        0     1                 .L0 
        80200282         80200282        0     1                 .L0 
        80200282         80200282        0     1                 .L0 
        80200286         80200286        0     1                 .L0 
        8020028a         8020028a        0     1                 .L0 
        8020028e         8020028e        0     1                 .L0 
        80200292         80200292        0     1                 .L0 
        80200294         80200294        0     1                 .L0 
        80200294         80200294        0     1                 .L0 
        80200296         80200296        0     1                 .L0 
        80200298         80200298        0     1                 .L0 
        80200298         80200298        0     1                 .L0 
        8020029c         8020029c        0     1                 .L0 
        802002a0         802002a0        0     1                 .L0 
        802002a0         802002a0        0     1                 .L0 
        802002a2         802002a2        0     1                 .L0 
        802002a6         802002a6        0     1                 .L0 
        802002c0         802002c0        0     1                 .L0 
        802002c2         802002c2        0     1                 .L0 
        802002c2         802002c2        0     1                 .L0 
        802002c4         802002c4        0     1                 .L0 
        802002c8         802002c8        0     1                 .L0 
        802002c8         802002c8        0     1                 .L0 
        802002ca         802002ca        0     1                 .L0 
        802002ca         802002ca        0     1                 .L0 
        802002d2         802002d2        0     1                 .L0 
        802002d2         802002d2        0     1                 .L0 
        802002d6         802002d6        0     1                 .L0 
        802002d8         802002d8        0     1                 .L0 
        802002d8         802002d8        0     1                 .L0 
        802002dc         802002dc        0     1                 .L0 
        802002dc         802002dc        0     1                 .L0 
        802002dc         802002dc        0     1                 .L0 
        802002e4         802002e4        0     1                 .L0 
        802002e6         802002e6        0     1                 .L0 
        802002e6         802002e6        0     1                 .L0 
        802002f0         802002f0        0     1                 .L0 
        802002f0         802002f0        0     1                 .L0 
        802002f0         802002f0        0     1                 .L0 
        802002f0         802002f0        0     1                 .L0 
        802002f0         802002f0      260     8 .rodata
        802002f0         802002f0       2a     1         /home/u/develop/rost_riscv/target/riscv64imac-unknown-none-elf/debug/deps/rost_riscv-4c15f3a86dfdbb2c.2f40wl5k9hkvg0zk9at17yl6m.rcgu.o:(.rodata..Lanon.9b9a5f3a1ccd535650b7fdb0250261b6.0)
        802002f0         802002f0       2a     1                 .Lanon.9b9a5f3a1ccd535650b7fdb0250261b6.0
        802002f0         802002f0        0     1                 $d
        80200320         80200320       10     8         /home/u/develop/rost_riscv/target/riscv64imac-unknown-none-elf/debug/deps/rost_riscv-4c15f3a86dfdbb2c.2f40wl5k9hkvg0zk9at17yl6m.rcgu.o:(.rodata..Lanon.9b9a5f3a1ccd535650b7fdb0250261b6.1)
        80200320         80200320       10     1                 .Lanon.9b9a5f3a1ccd535650b7fdb0250261b6.1
        80200320         80200320        0     1                 $d
        80200330         80200330       e4     1         /home/u/develop/rost_riscv/target/riscv64imac-unknown-none-elf/debug/deps/rost_riscv-4c15f3a86dfdbb2c.2f40wl5k9hkvg0zk9at17yl6m.rcgu.o:(.rodata..Lanon.9b9a5f3a1ccd535650b7fdb0250261b6.2)
        80200330         80200330       e4     1                 .Lanon.9b9a5f3a1ccd535650b7fdb0250261b6.2
        80200330         80200330        0     1                 $d
        80200418         80200418       10     8         <internal>:(.rodata.cst16)
        80200428         80200428       72     1         /home/u/develop/rost_riscv/target/riscv64imac-unknown-none-elf/debug/deps/rost_riscv-4c15f3a86dfdbb2c.2f40wl5k9hkvg0zk9at17yl6m.rcgu.o:(.rodata..Lanon.9b9a5f3a1ccd535650b7fdb0250261b6.4)
        80200428         80200428       72     1                 .Lanon.9b9a5f3a1ccd535650b7fdb0250261b6.4
        80200428         80200428        0     1                 $d
        802004a0         802004a0       18     8         /home/u/develop/rost_riscv/target/riscv64imac-unknown-none-elf/debug/deps/rost_riscv-4c15f3a86dfdbb2c.2f40wl5k9hkvg0zk9at17yl6m.rcgu.o:(.rodata..Lanon.9b9a5f3a1ccd535650b7fdb0250261b6.5)
        802004a0         802004a0       18     1                 .Lanon.9b9a5f3a1ccd535650b7fdb0250261b6.5
        802004a0         802004a0        0     1                 $d
        802004b8         802004b8        b     1         /home/u/develop/rost_riscv/target/riscv64imac-unknown-none-elf/debug/deps/rost_riscv-4c15f3a86dfdbb2c.ejog7uowoolmo8gedcrnjuitm.rcgu.o:(.rodata..Lanon.9e6fac3f25569e1e36b4348a771e4cca.0)
        802004b8         802004b8        b     1                 .Lanon.9e6fac3f25569e1e36b4348a771e4cca.0
        802004b8         802004b8        0     1                 $d
        802004c8         802004c8       18     8         /home/u/develop/rost_riscv/target/riscv64imac-unknown-none-elf/debug/deps/rost_riscv-4c15f3a86dfdbb2c.ejog7uowoolmo8gedcrnjuitm.rcgu.o:(.rodata..Lanon.9e6fac3f25569e1e36b4348a771e4cca.1)
        802004c8         802004c8       18     1                 .Lanon.9e6fac3f25569e1e36b4348a771e4cca.1
        802004c8         802004c8        0     1                 $d
        802004e0         802004e0       21     1         /home/u/.rustup/toolchains/nightly-x86_64-unknown-linux-gnu/lib/rustlib/riscv64imac-unknown-none-elf/lib/libcore-9e7c54f03933e946.rlib(core-9e7c54f03933e946.core.d38e516c233c8d20-cgu.0.rcgu.o):(.rodata..Lanon.caf45d4f0b6318b9fd8e773dceb11cd4.126)
        802004e0         802004e0       21     1                 .Lanon.caf45d4f0b6318b9fd8e773dceb11cd4.126
        802004e0         802004e0        0     1                 $d
        80200508         80200508       10     8         /home/u/.rustup/toolchains/nightly-x86_64-unknown-linux-gnu/lib/rustlib/riscv64imac-unknown-none-elf/lib/libcore-9e7c54f03933e946.rlib(core-9e7c54f03933e946.core.d38e516c233c8d20-cgu.0.rcgu.o):(.rodata..Lanon.caf45d4f0b6318b9fd8e773dceb11cd4.127)
        80200508         80200508       10     1                 .Lanon.caf45d4f0b6318b9fd8e773dceb11cd4.127
        80200508         80200508        0     1                 $d
        80200518         80200518       1d     1         /home/u/.rustup/toolchains/nightly-x86_64-unknown-linux-gnu/lib/rustlib/riscv64imac-unknown-none-elf/lib/libcore-9e7c54f03933e946.rlib(core-9e7c54f03933e946.core.d38e516c233c8d20-cgu.0.rcgu.o):(.rodata..Lanon.caf45d4f0b6318b9fd8e773dceb11cd4.226)
        80200518         80200518       1d     1                 .Lanon.caf45d4f0b6318b9fd8e773dceb11cd4.226
        80200518         80200518        0     1                 $d
        80200538         80200538       18     8         /home/u/.rustup/toolchains/nightly-x86_64-unknown-linux-gnu/lib/rustlib/riscv64imac-unknown-none-elf/lib/libcore-9e7c54f03933e946.rlib(core-9e7c54f03933e946.core.d38e516c233c8d20-cgu.0.rcgu.o):(.rodata..Lanon.caf45d4f0b6318b9fd8e773dceb11cd4.227)
        80200538         80200538       18     1                 .Lanon.caf45d4f0b6318b9fd8e773dceb11cd4.227
        80200538         80200538        0     1                 $d
        80200550         80200550       c4     8 .eh_frame
        80200550         80200550       14     1         /home/u/.rustup/toolchains/nightly-x86_64-unknown-linux-gnu/lib/rustlib/riscv64imac-unknown-none-elf/lib/libcore-9e7c54f03933e946.rlib(core-9e7c54f03933e946.core.d38e516c233c8d20-cgu.0.rcgu.o):(.eh_frame+0x0)
        80200564         80200564       40     1         /home/u/.rustup/toolchains/nightly-x86_64-unknown-linux-gnu/lib/rustlib/riscv64imac-unknown-none-elf/lib/libcore-9e7c54f03933e946.rlib(core-9e7c54f03933e946.core.d38e516c233c8d20-cgu.0.rcgu.o):(.eh_frame+0x1884)
        802005a4         802005a4       20     1         /home/u/.rustup/toolchains/nightly-x86_64-unknown-linux-gnu/lib/rustlib/riscv64imac-unknown-none-elf/lib/libcore-9e7c54f03933e946.rlib(core-9e7c54f03933e946.core.d38e516c233c8d20-cgu.0.rcgu.o):(.eh_frame+0x18e4)
        802005c4         802005c4       20     1         /home/u/.rustup/toolchains/nightly-x86_64-unknown-linux-gnu/lib/rustlib/riscv64imac-unknown-none-elf/lib/libcore-9e7c54f03933e946.rlib(core-9e7c54f03933e946.core.d38e516c233c8d20-cgu.0.rcgu.o):(.eh_frame+0x49ec)
        802005e4         802005e4       2c     1         /home/u/.rustup/toolchains/nightly-x86_64-unknown-linux-gnu/lib/rustlib/riscv64imac-unknown-none-elf/lib/libcompiler_builtins-4a582c3407f4ffac.rlib(compiler_builtins-4a582c3407f4ffac.compiler_builtins.359a4673af8eb3be-cgu.355.rcgu.o):(.eh_frame+0x14)
        80200614         80200614        0     4 .bss
        80200614         80200614        0     1         __bss = .
        80200614         80200614        0     1         __bss_end = .
        80200614         80200614        0     1 . = ALIGN(4)
        80200614         80200614    20000     1 . += 128 * 1024
        80220614         80220614        0     1 __stack_top = .
        80220614         80220614      9ec     1 . = ALIGN(4096)
        80221000         80221000        0     1 __free_ram = .
        80221000         80221000  4000000     1 . += 64 * 1024 * 1024
        84221000         84221000        0     1 __free_ram_end = .
               0                0     1311     1 .debug_abbrev
               0                0      1c3     1         /home/u/develop/rost_riscv/target/riscv64imac-unknown-none-elf/debug/deps/rost_riscv-4c15f3a86dfdbb2c.2f40wl5k9hkvg0zk9at17yl6m.rcgu.o:(.debug_abbrev)
               0                0        0     1                 $d
             1c3              1c3      196     1         /home/u/develop/rost_riscv/target/riscv64imac-unknown-none-elf/debug/deps/rost_riscv-4c15f3a86dfdbb2c.ejog7uowoolmo8gedcrnjuitm.rcgu.o:(.debug_abbrev)
             1c3              1c3        0     1                 $d
             359              359      2f9     1         /home/u/.rustup/toolchains/nightly-x86_64-unknown-linux-gnu/lib/rustlib/riscv64imac-unknown-none-elf/lib/libcore-9e7c54f03933e946.rlib(core-9e7c54f03933e946.core.d38e516c233c8d20-cgu.0.rcgu.o):(.debug_abbrev)
             359              359        0     1                 $d
             652              652       aa     1         /home/u/.rustup/toolchains/nightly-x86_64-unknown-linux-gnu/lib/rustlib/riscv64imac-unknown-none-elf/lib/libcompiler_builtins-4a582c3407f4ffac.rlib(compiler_builtins-4a582c3407f4ffac.compiler_builtins.359a4673af8eb3be-cgu.178.rcgu.o):(.debug_abbrev)
             652              652        0     1                 $d
             6fc              6fc       2e     1         /home/u/.rustup/toolchains/nightly-x86_64-unknown-linux-gnu/lib/rustlib/riscv64imac-unknown-none-elf/lib/libcompiler_builtins-4a582c3407f4ffac.rlib(compiler_builtins-4a582c3407f4ffac.compiler_builtins.359a4673af8eb3be-cgu.186.rcgu.o):(.debug_abbrev)
             6fc              6fc        0     1                 $d
             72a              72a      16c     1         /home/u/.rustup/toolchains/nightly-x86_64-unknown-linux-gnu/lib/rustlib/riscv64imac-unknown-none-elf/lib/libcompiler_builtins-4a582c3407f4ffac.rlib(compiler_builtins-4a582c3407f4ffac.compiler_builtins.359a4673af8eb3be-cgu.000.rcgu.o):(.debug_abbrev)
             72a              72a        0     1                 $d
             896              896       aa     1         /home/u/.rustup/toolchains/nightly-x86_64-unknown-linux-gnu/lib/rustlib/riscv64imac-unknown-none-elf/lib/libcompiler_builtins-4a582c3407f4ffac.rlib(compiler_builtins-4a582c3407f4ffac.compiler_builtins.359a4673af8eb3be-cgu.216.rcgu.o):(.debug_abbrev)
             896              896        0     1                 $d
             940              940       2e     1         /home/u/.rustup/toolchains/nightly-x86_64-unknown-linux-gnu/lib/rustlib/riscv64imac-unknown-none-elf/lib/libcompiler_builtins-4a582c3407f4ffac.rlib(compiler_builtins-4a582c3407f4ffac.compiler_builtins.359a4673af8eb3be-cgu.237.rcgu.o):(.debug_abbrev)
             940              940        0     1                 $d
             96e              96e      132     1         /home/u/.rustup/toolchains/nightly-x86_64-unknown-linux-gnu/lib/rustlib/riscv64imac-unknown-none-elf/lib/libcompiler_builtins-4a582c3407f4ffac.rlib(compiler_builtins-4a582c3407f4ffac.compiler_builtins.359a4673af8eb3be-cgu.006.rcgu.o):(.debug_abbrev)
             96e              96e        0     1                 $d
             aa0              aa0       7b     1         /home/u/.rustup/toolchains/nightly-x86_64-unknown-linux-gnu/lib/rustlib/riscv64imac-unknown-none-elf/lib/libcompiler_builtins-4a582c3407f4ffac.rlib(compiler_builtins-4a582c3407f4ffac.compiler_builtins.359a4673af8eb3be-cgu.260.rcgu.o):(.debug_abbrev)
             aa0              aa0        0     1                 $d
             b1b              b1b       ce     1         /home/u/.rustup/toolchains/nightly-x86_64-unknown-linux-gnu/lib/rustlib/riscv64imac-unknown-none-elf/lib/libcompiler_builtins-4a582c3407f4ffac.rlib(compiler_builtins-4a582c3407f4ffac.compiler_builtins.359a4673af8eb3be-cgu.261.rcgu.o):(.debug_abbrev)
             b1b              b1b        0     1                 $d
             be9              be9       2e     1         /home/u/.rustup/toolchains/nightly-x86_64-unknown-linux-gnu/lib/rustlib/riscv64imac-unknown-none-elf/lib/libcompiler_builtins-4a582c3407f4ffac.rlib(compiler_builtins-4a582c3407f4ffac.compiler_builtins.359a4673af8eb3be-cgu.304.rcgu.o):(.debug_abbrev)
             be9              be9        0     1                 $d
             c17              c17       5f     1         /home/u/.rustup/toolchains/nightly-x86_64-unknown-linux-gnu/lib/rustlib/riscv64imac-unknown-none-elf/lib/libcompiler_builtins-4a582c3407f4ffac.rlib(compiler_builtins-4a582c3407f4ffac.compiler_builtins.359a4673af8eb3be-cgu.316.rcgu.o):(.debug_abbrev)
             c17              c17        0     1                 $d
             c76              c76      11a     1         /home/u/.rustup/toolchains/nightly-x86_64-unknown-linux-gnu/lib/rustlib/riscv64imac-unknown-none-elf/lib/libcompiler_builtins-4a582c3407f4ffac.rlib(compiler_builtins-4a582c3407f4ffac.compiler_builtins.359a4673af8eb3be-cgu.014.rcgu.o):(.debug_abbrev)
             c76              c76        0     1                 $d
             d90              d90       aa     1         /home/u/.rustup/toolchains/nightly-x86_64-unknown-linux-gnu/lib/rustlib/riscv64imac-unknown-none-elf/lib/libcompiler_builtins-4a582c3407f4ffac.rlib(compiler_builtins-4a582c3407f4ffac.compiler_builtins.359a4673af8eb3be-cgu.338.rcgu.o):(.debug_abbrev)
             d90              d90        0     1                 $d
             e3a              e3a       aa     1         /home/u/.rustup/toolchains/nightly-x86_64-unknown-linux-gnu/lib/rustlib/riscv64imac-unknown-none-elf/lib/libcompiler_builtins-4a582c3407f4ffac.rlib(compiler_builtins-4a582c3407f4ffac.compiler_builtins.359a4673af8eb3be-cgu.339.rcgu.o):(.debug_abbrev)
             e3a              e3a        0     1                 $d
             ee4              ee4       aa     1         /home/u/.rustup/toolchains/nightly-x86_64-unknown-linux-gnu/lib/rustlib/riscv64imac-unknown-none-elf/lib/libcompiler_builtins-4a582c3407f4ffac.rlib(compiler_builtins-4a582c3407f4ffac.compiler_builtins.359a4673af8eb3be-cgu.353.rcgu.o):(.debug_abbrev)
             ee4              ee4        0     1                 $d
             f8e              f8e       2e     1         /home/u/.rustup/toolchains/nightly-x86_64-unknown-linux-gnu/lib/rustlib/riscv64imac-unknown-none-elf/lib/libcompiler_builtins-4a582c3407f4ffac.rlib(compiler_builtins-4a582c3407f4ffac.compiler_builtins.359a4673af8eb3be-cgu.354.rcgu.o):(.debug_abbrev)
             f8e              f8e        0     1                 $d
             fbc              fbc      109     1         /home/u/.rustup/toolchains/nightly-x86_64-unknown-linux-gnu/lib/rustlib/riscv64imac-unknown-none-elf/lib/libcompiler_builtins-4a582c3407f4ffac.rlib(compiler_builtins-4a582c3407f4ffac.compiler_builtins.359a4673af8eb3be-cgu.355.rcgu.o):(.debug_abbrev)
             fbc              fbc        0     1                 $d
            10c5             10c5       aa     1         /home/u/.rustup/toolchains/nightly-x86_64-unknown-linux-gnu/lib/rustlib/riscv64imac-unknown-none-elf/lib/libcompiler_builtins-4a582c3407f4ffac.rlib(compiler_builtins-4a582c3407f4ffac.compiler_builtins.359a4673af8eb3be-cgu.383.rcgu.o):(.debug_abbrev)
            10c5             10c5        0     1                 $d
            116f             116f       bd     1         /home/u/.rustup/toolchains/nightly-x86_64-unknown-linux-gnu/lib/rustlib/riscv64imac-unknown-none-elf/lib/libcompiler_builtins-4a582c3407f4ffac.rlib(compiler_builtins-4a582c3407f4ffac.compiler_builtins.359a4673af8eb3be-cgu.384.rcgu.o):(.debug_abbrev)
            116f             116f        0     1                 $d
            122c             122c       e5     1         /home/u/.rustup/toolchains/nightly-x86_64-unknown-linux-gnu/lib/rustlib/riscv64imac-unknown-none-elf/lib/libcompiler_builtins-4a582c3407f4ffac.rlib(compiler_builtins-4a582c3407f4ffac.compiler_builtins.359a4673af8eb3be-cgu.393.rcgu.o):(.debug_abbrev)
            122c             122c        0     1                 $d
               0                0    281ab     1 .debug_info
               0                0      861     1         /home/u/develop/rost_riscv/target/riscv64imac-unknown-none-elf/debug/deps/rost_riscv-4c15f3a86dfdbb2c.2f40wl5k9hkvg0zk9at17yl6m.rcgu.o:(.debug_info)
               0                0        0     1                 .L0 
               0                0        0     1                 $d
             861              861      772     1         /home/u/develop/rost_riscv/target/riscv64imac-unknown-none-elf/debug/deps/rost_riscv-4c15f3a86dfdbb2c.ejog7uowoolmo8gedcrnjuitm.rcgu.o:(.debug_info)
             861              861        0     1                 .L0 
             861              861        0     1                 $d
             fd3              fd3    229ed     1         /home/u/.rustup/toolchains/nightly-x86_64-unknown-linux-gnu/lib/rustlib/riscv64imac-unknown-none-elf/lib/libcore-9e7c54f03933e946.rlib(core-9e7c54f03933e946.core.d38e516c233c8d20-cgu.0.rcgu.o):(.debug_info)
             fd3              fd3        0     1                 .L0 
             fd3              fd3        0     1                 $d
           239c0            239c0      176     1         /home/u/.rustup/toolchains/nightly-x86_64-unknown-linux-gnu/lib/rustlib/riscv64imac-unknown-none-elf/lib/libcompiler_builtins-4a582c3407f4ffac.rlib(compiler_builtins-4a582c3407f4ffac.compiler_builtins.359a4673af8eb3be-cgu.178.rcgu.o):(.debug_info)
           239c0            239c0        0     1                 .L0 
           239c0            239c0        0     1                 $d
           23b36            23b36       59     1         /home/u/.rustup/toolchains/nightly-x86_64-unknown-linux-gnu/lib/rustlib/riscv64imac-unknown-none-elf/lib/libcompiler_builtins-4a582c3407f4ffac.rlib(compiler_builtins-4a582c3407f4ffac.compiler_builtins.359a4673af8eb3be-cgu.186.rcgu.o):(.debug_info)
           23b36            23b36        0     1                 .L0 
           23b36            23b36        0     1                 $d
           23b8f            23b8f     19d0     1         /home/u/.rustup/toolchains/nightly-x86_64-unknown-linux-gnu/lib/rustlib/riscv64imac-unknown-none-elf/lib/libcompiler_builtins-4a582c3407f4ffac.rlib(compiler_builtins-4a582c3407f4ffac.compiler_builtins.359a4673af8eb3be-cgu.000.rcgu.o):(.debug_info)
           23b8f            23b8f        0     1                 .L0 
           23b8f            23b8f        0     1                 $d
           2555f            2555f      176     1         /home/u/.rustup/toolchains/nightly-x86_64-unknown-linux-gnu/lib/rustlib/riscv64imac-unknown-none-elf/lib/libcompiler_builtins-4a582c3407f4ffac.rlib(compiler_builtins-4a582c3407f4ffac.compiler_builtins.359a4673af8eb3be-cgu.216.rcgu.o):(.debug_info)
           2555f            2555f        0     1                 .L0 
           2555f            2555f        0     1                 $d
           256d5            256d5       59     1         /home/u/.rustup/toolchains/nightly-x86_64-unknown-linux-gnu/lib/rustlib/riscv64imac-unknown-none-elf/lib/libcompiler_builtins-4a582c3407f4ffac.rlib(compiler_builtins-4a582c3407f4ffac.compiler_builtins.359a4673af8eb3be-cgu.237.rcgu.o):(.debug_info)
           256d5            256d5        0     1                 .L0 
           256d5            256d5        0     1                 $d
           2572e            2572e     113a     1         /home/u/.rustup/toolchains/nightly-x86_64-unknown-linux-gnu/lib/rustlib/riscv64imac-unknown-none-elf/lib/libcompiler_builtins-4a582c3407f4ffac.rlib(compiler_builtins-4a582c3407f4ffac.compiler_builtins.359a4673af8eb3be-cgu.006.rcgu.o):(.debug_info)
           2572e            2572e        0     1                 .L0 
           2572e            2572e        0     1                 $d
           26868            26868       b9     1         /home/u/.rustup/toolchains/nightly-x86_64-unknown-linux-gnu/lib/rustlib/riscv64imac-unknown-none-elf/lib/libcompiler_builtins-4a582c3407f4ffac.rlib(compiler_builtins-4a582c3407f4ffac.compiler_builtins.359a4673af8eb3be-cgu.260.rcgu.o):(.debug_info)
           26868            26868        0     1                 .L0 
           26868            26868        0     1                 $d
           26921            26921      2a7     1         /home/u/.rustup/toolchains/nightly-x86_64-unknown-linux-gnu/lib/rustlib/riscv64imac-unknown-none-elf/lib/libcompiler_builtins-4a582c3407f4ffac.rlib(compiler_builtins-4a582c3407f4ffac.compiler_builtins.359a4673af8eb3be-cgu.261.rcgu.o):(.debug_info)
           26921            26921        0     1                 .L0 
           26921            26921        0     1                 $d
           26bc8            26bc8       59     1         /home/u/.rustup/toolchains/nightly-x86_64-unknown-linux-gnu/lib/rustlib/riscv64imac-unknown-none-elf/lib/libcompiler_builtins-4a582c3407f4ffac.rlib(compiler_builtins-4a582c3407f4ffac.compiler_builtins.359a4673af8eb3be-cgu.304.rcgu.o):(.debug_info)
           26bc8            26bc8        0     1                 .L0 
           26bc8            26bc8        0     1                 $d
           26c21            26c21       ad     1         /home/u/.rustup/toolchains/nightly-x86_64-unknown-linux-gnu/lib/rustlib/riscv64imac-unknown-none-elf/lib/libcompiler_builtins-4a582c3407f4ffac.rlib(compiler_builtins-4a582c3407f4ffac.compiler_builtins.359a4673af8eb3be-cgu.316.rcgu.o):(.debug_info)
           26c21            26c21        0     1                 .L0 
           26c21            26c21        0     1                 $d
           26cce            26cce      56d     1         /home/u/.rustup/toolchains/nightly-x86_64-unknown-linux-gnu/lib/rustlib/riscv64imac-unknown-none-elf/lib/libcompiler_builtins-4a582c3407f4ffac.rlib(compiler_builtins-4a582c3407f4ffac.compiler_builtins.359a4673af8eb3be-cgu.014.rcgu.o):(.debug_info)
           26cce            26cce        0     1                 .L0 
           26cce            26cce        0     1                 $d
           2723b            2723b      176     1         /home/u/.rustup/toolchains/nightly-x86_64-unknown-linux-gnu/lib/rustlib/riscv64imac-unknown-none-elf/lib/libcompiler_builtins-4a582c3407f4ffac.rlib(compiler_builtins-4a582c3407f4ffac.compiler_builtins.359a4673af8eb3be-cgu.338.rcgu.o):(.debug_info)
           2723b            2723b        0     1                 .L0 
           2723b            2723b        0     1                 $d
           273b1            273b1      176     1         /home/u/.rustup/toolchains/nightly-x86_64-unknown-linux-gnu/lib/rustlib/riscv64imac-unknown-none-elf/lib/libcompiler_builtins-4a582c3407f4ffac.rlib(compiler_builtins-4a582c3407f4ffac.compiler_builtins.359a4673af8eb3be-cgu.339.rcgu.o):(.debug_info)
           273b1            273b1        0     1                 .L0 
           273b1            273b1        0     1                 $d
           27527            27527      176     1         /home/u/.rustup/toolchains/nightly-x86_64-unknown-linux-gnu/lib/rustlib/riscv64imac-unknown-none-elf/lib/libcompiler_builtins-4a582c3407f4ffac.rlib(compiler_builtins-4a582c3407f4ffac.compiler_builtins.359a4673af8eb3be-cgu.353.rcgu.o):(.debug_info)
           27527            27527        0     1                 .L0 
           27527            27527        0     1                 $d
           2769d            2769d       59     1         /home/u/.rustup/toolchains/nightly-x86_64-unknown-linux-gnu/lib/rustlib/riscv64imac-unknown-none-elf/lib/libcompiler_builtins-4a582c3407f4ffac.rlib(compiler_builtins-4a582c3407f4ffac.compiler_builtins.359a4673af8eb3be-cgu.354.rcgu.o):(.debug_info)
           2769d            2769d        0     1                 .L0 
           2769d            2769d        0     1                 $d
           276f6            276f6      2e4     1         /home/u/.rustup/toolchains/nightly-x86_64-unknown-linux-gnu/lib/rustlib/riscv64imac-unknown-none-elf/lib/libcompiler_builtins-4a582c3407f4ffac.rlib(compiler_builtins-4a582c3407f4ffac.compiler_builtins.359a4673af8eb3be-cgu.355.rcgu.o):(.debug_info)
           276f6            276f6        0     1                 .L0 
           276f6            276f6        0     1                 $d
           279da            279da      176     1         /home/u/.rustup/toolchains/nightly-x86_64-unknown-linux-gnu/lib/rustlib/riscv64imac-unknown-none-elf/lib/libcompiler_builtins-4a582c3407f4ffac.rlib(compiler_builtins-4a582c3407f4ffac.compiler_builtins.359a4673af8eb3be-cgu.383.rcgu.o):(.debug_info)
           279da            279da        0     1                 .L0 
           279da            279da        0     1                 $d
           27b50            27b50      247     1         /home/u/.rustup/toolchains/nightly-x86_64-unknown-linux-gnu/lib/rustlib/riscv64imac-unknown-none-elf/lib/libcompiler_builtins-4a582c3407f4ffac.rlib(compiler_builtins-4a582c3407f4ffac.compiler_builtins.359a4673af8eb3be-cgu.384.rcgu.o):(.debug_info)
           27b50            27b50        0     1                 .L0 
           27b50            27b50        0     1                 $d
           27d97            27d97      414     1         /home/u/.rustup/toolchains/nightly-x86_64-unknown-linux-gnu/lib/rustlib/riscv64imac-unknown-none-elf/lib/libcompiler_builtins-4a582c3407f4ffac.rlib(compiler_builtins-4a582c3407f4ffac.compiler_builtins.359a4673af8eb3be-cgu.393.rcgu.o):(.debug_info)
           27d97            27d97        0     1                 .L0 
           27d97            27d97        0     1                 $d
               0                0     23d0     1 .debug_aranges
               0                0       30     1         /home/u/develop/rost_riscv/target/riscv64imac-unknown-none-elf/debug/deps/rost_riscv-4c15f3a86dfdbb2c.2f40wl5k9hkvg0zk9at17yl6m.rcgu.o:(.debug_aranges)
               0                0        0     1                 $d
              30               30       50     1         /home/u/develop/rost_riscv/target/riscv64imac-unknown-none-elf/debug/deps/rost_riscv-4c15f3a86dfdbb2c.ejog7uowoolmo8gedcrnjuitm.rcgu.o:(.debug_aranges)
              30               30        0     1                 $d
              80               80     1f60     1         /home/u/.rustup/toolchains/nightly-x86_64-unknown-linux-gnu/lib/rustlib/riscv64imac-unknown-none-elf/lib/libcore-9e7c54f03933e946.rlib(core-9e7c54f03933e946.core.d38e516c233c8d20-cgu.0.rcgu.o):(.debug_aranges)
              80               80        0     1                 $d
            1fe0             1fe0       30     1         /home/u/.rustup/toolchains/nightly-x86_64-unknown-linux-gnu/lib/rustlib/riscv64imac-unknown-none-elf/lib/libcompiler_builtins-4a582c3407f4ffac.rlib(compiler_builtins-4a582c3407f4ffac.compiler_builtins.359a4673af8eb3be-cgu.178.rcgu.o):(.debug_aranges)
            1fe0             1fe0        0     1                 $d
            2010             2010       30     1         /home/u/.rustup/toolchains/nightly-x86_64-unknown-linux-gnu/lib/rustlib/riscv64imac-unknown-none-elf/lib/libcompiler_builtins-4a582c3407f4ffac.rlib(compiler_builtins-4a582c3407f4ffac.compiler_builtins.359a4673af8eb3be-cgu.186.rcgu.o):(.debug_aranges)
            2010             2010        0     1                 $d
            2040             2040       50     1         /home/u/.rustup/toolchains/nightly-x86_64-unknown-linux-gnu/lib/rustlib/riscv64imac-unknown-none-elf/lib/libcompiler_builtins-4a582c3407f4ffac.rlib(compiler_builtins-4a582c3407f4ffac.compiler_builtins.359a4673af8eb3be-cgu.000.rcgu.o):(.debug_aranges)
            2040             2040        0     1                 $d
            2090             2090       30     1         /home/u/.rustup/toolchains/nightly-x86_64-unknown-linux-gnu/lib/rustlib/riscv64imac-unknown-none-elf/lib/libcompiler_builtins-4a582c3407f4ffac.rlib(compiler_builtins-4a582c3407f4ffac.compiler_builtins.359a4673af8eb3be-cgu.216.rcgu.o):(.debug_aranges)
            2090             2090        0     1                 $d
            20c0             20c0       30     1         /home/u/.rustup/toolchains/nightly-x86_64-unknown-linux-gnu/lib/rustlib/riscv64imac-unknown-none-elf/lib/libcompiler_builtins-4a582c3407f4ffac.rlib(compiler_builtins-4a582c3407f4ffac.compiler_builtins.359a4673af8eb3be-cgu.237.rcgu.o):(.debug_aranges)
            20c0             20c0        0     1                 $d
            20f0             20f0       50     1         /home/u/.rustup/toolchains/nightly-x86_64-unknown-linux-gnu/lib/rustlib/riscv64imac-unknown-none-elf/lib/libcompiler_builtins-4a582c3407f4ffac.rlib(compiler_builtins-4a582c3407f4ffac.compiler_builtins.359a4673af8eb3be-cgu.006.rcgu.o):(.debug_aranges)
            20f0             20f0        0     1                 $d
            2140             2140       30     1         /home/u/.rustup/toolchains/nightly-x86_64-unknown-linux-gnu/lib/rustlib/riscv64imac-unknown-none-elf/lib/libcompiler_builtins-4a582c3407f4ffac.rlib(compiler_builtins-4a582c3407f4ffac.compiler_builtins.359a4673af8eb3be-cgu.260.rcgu.o):(.debug_aranges)
            2140             2140        0     1                 $d
            2170             2170       30     1         /home/u/.rustup/toolchains/nightly-x86_64-unknown-linux-gnu/lib/rustlib/riscv64imac-unknown-none-elf/lib/libcompiler_builtins-4a582c3407f4ffac.rlib(compiler_builtins-4a582c3407f4ffac.compiler_builtins.359a4673af8eb3be-cgu.261.rcgu.o):(.debug_aranges)
            2170             2170        0     1                 $d
            21a0             21a0       30     1         /home/u/.rustup/toolchains/nightly-x86_64-unknown-linux-gnu/lib/rustlib/riscv64imac-unknown-none-elf/lib/libcompiler_builtins-4a582c3407f4ffac.rlib(compiler_builtins-4a582c3407f4ffac.compiler_builtins.359a4673af8eb3be-cgu.304.rcgu.o):(.debug_aranges)
            21a0             21a0        0     1                 $d
            21d0             21d0       30     1         /home/u/.rustup/toolchains/nightly-x86_64-unknown-linux-gnu/lib/rustlib/riscv64imac-unknown-none-elf/lib/libcompiler_builtins-4a582c3407f4ffac.rlib(compiler_builtins-4a582c3407f4ffac.compiler_builtins.359a4673af8eb3be-cgu.316.rcgu.o):(.debug_aranges)
            21d0             21d0        0     1                 $d
            2200             2200       50     1         /home/u/.rustup/toolchains/nightly-x86_64-unknown-linux-gnu/lib/rustlib/riscv64imac-unknown-none-elf/lib/libcompiler_builtins-4a582c3407f4ffac.rlib(compiler_builtins-4a582c3407f4ffac.compiler_builtins.359a4673af8eb3be-cgu.014.rcgu.o):(.debug_aranges)
            2200             2200        0     1                 $d
            2250             2250       30     1         /home/u/.rustup/toolchains/nightly-x86_64-unknown-linux-gnu/lib/rustlib/riscv64imac-unknown-none-elf/lib/libcompiler_builtins-4a582c3407f4ffac.rlib(compiler_builtins-4a582c3407f4ffac.compiler_builtins.359a4673af8eb3be-cgu.338.rcgu.o):(.debug_aranges)
            2250             2250        0     1                 $d
            2280             2280       30     1         /home/u/.rustup/toolchains/nightly-x86_64-unknown-linux-gnu/lib/rustlib/riscv64imac-unknown-none-elf/lib/libcompiler_builtins-4a582c3407f4ffac.rlib(compiler_builtins-4a582c3407f4ffac.compiler_builtins.359a4673af8eb3be-cgu.339.rcgu.o):(.debug_aranges)
            2280             2280        0     1                 $d
            22b0             22b0       30     1         /home/u/.rustup/toolchains/nightly-x86_64-unknown-linux-gnu/lib/rustlib/riscv64imac-unknown-none-elf/lib/libcompiler_builtins-4a582c3407f4ffac.rlib(compiler_builtins-4a582c3407f4ffac.compiler_builtins.359a4673af8eb3be-cgu.353.rcgu.o):(.debug_aranges)
            22b0             22b0        0     1                 $d
            22e0             22e0       30     1         /home/u/.rustup/toolchains/nightly-x86_64-unknown-linux-gnu/lib/rustlib/riscv64imac-unknown-none-elf/lib/libcompiler_builtins-4a582c3407f4ffac.rlib(compiler_builtins-4a582c3407f4ffac.compiler_builtins.359a4673af8eb3be-cgu.354.rcgu.o):(.debug_aranges)
            22e0             22e0        0     1                 $d
            2310             2310       30     1         /home/u/.rustup/toolchains/nightly-x86_64-unknown-linux-gnu/lib/rustlib/riscv64imac-unknown-none-elf/lib/libcompiler_builtins-4a582c3407f4ffac.rlib(compiler_builtins-4a582c3407f4ffac.compiler_builtins.359a4673af8eb3be-cgu.355.rcgu.o):(.debug_aranges)
            2310             2310        0     1                 $d
            2340             2340       30     1         /home/u/.rustup/toolchains/nightly-x86_64-unknown-linux-gnu/lib/rustlib/riscv64imac-unknown-none-elf/lib/libcompiler_builtins-4a582c3407f4ffac.rlib(compiler_builtins-4a582c3407f4ffac.compiler_builtins.359a4673af8eb3be-cgu.383.rcgu.o):(.debug_aranges)
            2340             2340        0     1                 $d
            2370             2370       30     1         /home/u/.rustup/toolchains/nightly-x86_64-unknown-linux-gnu/lib/rustlib/riscv64imac-unknown-none-elf/lib/libcompiler_builtins-4a582c3407f4ffac.rlib(compiler_builtins-4a582c3407f4ffac.compiler_builtins.359a4673af8eb3be-cgu.384.rcgu.o):(.debug_aranges)
            2370             2370        0     1                 $d
            23a0             23a0       30     1         /home/u/.rustup/toolchains/nightly-x86_64-unknown-linux-gnu/lib/rustlib/riscv64imac-unknown-none-elf/lib/libcompiler_builtins-4a582c3407f4ffac.rlib(compiler_builtins-4a582c3407f4ffac.compiler_builtins.359a4673af8eb3be-cgu.393.rcgu.o):(.debug_aranges)
            23a0             23a0        0     1                 $d
               0                0    17180     1 .debug_ranges
               0                0       60     1         /home/u/develop/rost_riscv/target/riscv64imac-unknown-none-elf/debug/deps/rost_riscv-4c15f3a86dfdbb2c.2f40wl5k9hkvg0zk9at17yl6m.rcgu.o:(.debug_ranges)
               0                0        0     1                 .L0 
               0                0        0     1                 $d
              30               30        0     1                 .L0 
              60               60       40     1         /home/u/develop/rost_riscv/target/riscv64imac-unknown-none-elf/debug/deps/rost_riscv-4c15f3a86dfdbb2c.ejog7uowoolmo8gedcrnjuitm.rcgu.o:(.debug_ranges)
              60               60        0     1                 .L0 
              60               60        0     1                 $d
              a0               a0    15670     1         /home/u/.rustup/toolchains/nightly-x86_64-unknown-linux-gnu/lib/rustlib/riscv64imac-unknown-none-elf/lib/libcore-9e7c54f03933e946.rlib(core-9e7c54f03933e946.core.d38e516c233c8d20-cgu.0.rcgu.o):(.debug_ranges)
              a0               a0        0     1                 .L0 
              a0               a0        0     1                 $d
              e0               e0        0     1                 .L0 
             110              110        0     1                 .L0 
             150              150        0     1                 .L0 
             190              190        0     1                 .L0 
             1c0              1c0        0     1                 .L0 
             220              220        0     1                 .L0 
             250              250        0     1                 .L0 
             280              280        0     1                 .L0 
             2d0              2d0        0     1                 .L0 
             300              300        0     1                 .L0 
             340              340        0     1                 .L0 
             370              370        0     1                 .L0 
             3a0              3a0        0     1                 .L0 
             3d0              3d0        0     1                 .L0 
             400              400        0     1                 .L0 
             430              430        0     1                 .L0 
             460              460        0     1                 .L0 
             490              490        0     1                 .L0 
             4e0              4e0        0     1                 .L0 
             510              510        0     1                 .L0 
             540              540        0     1                 .L0 
             570              570        0     1                 .L0 
             5a0              5a0        0     1                 .L0 
             5d0              5d0        0     1                 .L0 
             600              600        0     1                 .L0 
             640              640        0     1                 .L0 
             670              670        0     1                 .L0 
             6a0              6a0        0     1                 .L0 
             6e0              6e0        0     1                 .L0 
             720              720        0     1                 .L0 
             750              750        0     1                 .L0 
             780              780        0     1                 .L0 
             7b0              7b0        0     1                 .L0 
             7e0              7e0        0     1                 .L0 
             810              810        0     1                 .L0 
             850              850        0     1                 .L0 
             880              880        0     1                 .L0 
             8c0              8c0        0     1                 .L0 
             8f0              8f0        0     1                 .L0 
             930              930        0     1                 .L0 
             960              960        0     1                 .L0 
             9a0              9a0        0     1                 .L0 
             9d0              9d0        0     1                 .L0 
             a10              a10        0     1                 .L0 
             a40              a40        0     1                 .L0 
             a80              a80        0     1                 .L0 
             ab0              ab0        0     1                 .L0 
             b30              b30        0     1                 .L0 
             b80              b80        0     1                 .L0 
             bb0              bb0        0     1                 .L0 
             c10              c10        0     1                 .L0 
             c40              c40        0     1                 .L0 
             c80              c80        0     1                 .L0 
             cc0              cc0        0     1                 .L0 
             d10              d10        0     1                 .L0 
             d40              d40        0     1                 .L0 
             d70              d70        0     1                 .L0 
             db0              db0        0     1                 .L0 
             df0              df0        0     1                 .L0 
             e20              e20        0     1                 .L0 
             e70              e70        0     1                 .L0 
             ea0              ea0        0     1                 .L0 
             ee0              ee0        0     1                 .L0 
             f10              f10        0     1                 .L0 
             f40              f40        0     1                 .L0 
             f80              f80        0     1                 .L0 
             fb0              fb0        0     1                 .L0 
            1000             1000        0     1                 .L0 
            1050             1050        0     1                 .L0 
            1090             1090        0     1                 .L0 
            10c0             10c0        0     1                 .L0 
            10f0             10f0        0     1                 .L0 
            1120             1120        0     1                 .L0 
            1160             1160        0     1                 .L0 
            11a0             11a0        0     1                 .L0 
            11f0             11f0        0     1                 .L0 
            1230             1230        0     1                 .L0 
            1260             1260        0     1                 .L0 
            1290             1290        0     1                 .L0 
            12c0             12c0        0     1                 .L0 
            1300             1300        0     1                 .L0 
            1340             1340        0     1                 .L0 
            1390             1390        0     1                 .L0 
            13d0             13d0        0     1                 .L0 
            1400             1400        0     1                 .L0 
            1430             1430        0     1                 .L0 
            1460             1460        0     1                 .L0 
            14a0             14a0        0     1                 .L0 
            14e0             14e0        0     1                 .L0 
            1530             1530        0     1                 .L0 
            1570             1570        0     1                 .L0 
            15a0             15a0        0     1                 .L0 
            15d0             15d0        0     1                 .L0 
            1600             1600        0     1                 .L0 
            1640             1640        0     1                 .L0 
            1680             1680        0     1                 .L0 
            16d0             16d0        0     1                 .L0 
            1700             1700        0     1                 .L0 
            1730             1730        0     1                 .L0 
            1780             1780        0     1                 .L0 
            17b0             17b0        0     1                 .L0 
            17f0             17f0        0     1                 .L0 
            1830             1830        0     1                 .L0 
            1870             1870        0     1                 .L0 
            18a0             18a0        0     1                 .L0 
            18d0             18d0        0     1                 .L0 
            1910             1910        0     1                 .L0 
            1950             1950        0     1                 .L0 
            1980             1980        0     1                 .L0 
            19c0             19c0        0     1                 .L0 
            1a10             1a10        0     1                 .L0 
            1a40             1a40        0     1                 .L0 
            1a70             1a70        0     1                 .L0 
            1ab0             1ab0        0     1                 .L0 
            1ae0             1ae0        0     1                 .L0 
            1b10             1b10        0     1                 .L0 
            1b40             1b40        0     1                 .L0 
            1b70             1b70        0     1                 .L0 
            1bd0             1bd0        0     1                 .L0 
            1c10             1c10        0     1                 .L0 
            1c50             1c50        0     1                 .L0 
            1c90             1c90        0     1                 .L0 
            1cd0             1cd0        0     1                 .L0 
            1d10             1d10        0     1                 .L0 
            1d40             1d40        0     1                 .L0 
            1d80             1d80        0     1                 .L0 
            1db0             1db0        0     1                 .L0 
            1de0             1de0        0     1                 .L0 
            1e20             1e20        0     1                 .L0 
            1e50             1e50        0     1                 .L0 
            1e90             1e90        0     1                 .L0 
            1ee0             1ee0        0     1                 .L0 
            1f10             1f10        0     1                 .L0 
            1f40             1f40        0     1                 .L0 
            1f80             1f80        0     1                 .L0 
            1fc0             1fc0        0     1                 .L0 
            2000             2000        0     1                 .L0 
            2030             2030        0     1                 .L0 
            2060             2060        0     1                 .L0 
            2090             2090        0     1                 .L0 
            20e0             20e0        0     1                 .L0 
            2120             2120        0     1                 .L0 
            2150             2150        0     1                 .L0 
            2180             2180        0     1                 .L0 
            21c0             21c0        0     1                 .L0 
            21f0             21f0        0     1                 .L0 
            2220             2220        0     1                 .L0 
            2260             2260        0     1                 .L0 
            22a0             22a0        0     1                 .L0 
            22f0             22f0        0     1                 .L0 
            2330             2330        0     1                 .L0 
            2360             2360        0     1                 .L0 
            2390             2390        0     1                 .L0 
            23c0             23c0        0     1                 .L0 
            2400             2400        0     1                 .L0 
            2440             2440        0     1                 .L0 
            2480             2480        0     1                 .L0 
            24b0             24b0        0     1                 .L0 
            24e0             24e0        0     1                 .L0 
            2510             2510        0     1                 .L0 
            2550             2550        0     1                 .L0 
            2590             2590        0     1                 .L0 
            25d0             25d0        0     1                 .L0 
            2600             2600        0     1                 .L0 
            2630             2630        0     1                 .L0 
            2660             2660        0     1                 .L0 
            26a0             26a0        0     1                 .L0 
            26e0             26e0        0     1                 .L0 
            2720             2720        0     1                 .L0 
            2750             2750        0     1                 .L0 
            2790             2790        0     1                 .L0 
            27c0             27c0        0     1                 .L0 
            27f0             27f0        0     1                 .L0 
            2830             2830        0     1                 .L0 
            2860             2860        0     1                 .L0 
            2890             2890        0     1                 .L0 
            28e0             28e0        0     1                 .L0 
            2920             2920        0     1                 .L0 
            2960             2960        0     1                 .L0 
            2990             2990        0     1                 .L0 
            29d0             29d0        0     1                 .L0 
            2a00             2a00        0     1                 .L0 
            2a30             2a30        0     1                 .L0 
            2a60             2a60        0     1                 .L0 
            2a90             2a90        0     1                 .L0 
            2ac0             2ac0        0     1                 .L0 
            2af0             2af0        0     1                 .L0 
            2b20             2b20        0     1                 .L0 
            2b50             2b50        0     1                 .L0 
            2b90             2b90        0     1                 .L0 
            2bc0             2bc0        0     1                 .L0 
            2bf0             2bf0        0     1                 .L0 
            2c30             2c30        0     1                 .L0 
            2c70             2c70        0     1                 .L0 
            2cd0             2cd0        0     1                 .L0 
            2da0             2da0        0     1                 .L0 
            2e70             2e70        0     1                 .L0 
            2f20             2f20        0     1                 .L0 
            2f60             2f60        0     1                 .L0 
            2f90             2f90        0     1                 .L0 
            2fc0             2fc0        0     1                 .L0 
            2ff0             2ff0        0     1                 .L0 
            3040             3040        0     1                 .L0 
            30a0             30a0        0     1                 .L0 
            30d0             30d0        0     1                 .L0 
            3140             3140        0     1                 .L0 
            3170             3170        0     1                 .L0 
            31a0             31a0        0     1                 .L0 
            31d0             31d0        0     1                 .L0 
            3200             3200        0     1                 .L0 
            3230             3230        0     1                 .L0 
            3260             3260        0     1                 .L0 
            3290             3290        0     1                 .L0 
            32f0             32f0        0     1                 .L0 
            3330             3330        0     1                 .L0 
            3360             3360        0     1                 .L0 
            3390             3390        0     1                 .L0 
            33c0             33c0        0     1                 .L0 
            33f0             33f0        0     1                 .L0 
            3420             3420        0     1                 .L0 
            3450             3450        0     1                 .L0 
            3490             3490        0     1                 .L0 
            34c0             34c0        0     1                 .L0 
            3500             3500        0     1                 .L0 
            3540             3540        0     1                 .L0 
            3570             3570        0     1                 .L0 
            35b0             35b0        0     1                 .L0 
            35e0             35e0        0     1                 .L0 
            3610             3610        0     1                 .L0 
            3650             3650        0     1                 .L0 
            3680             3680        0     1                 .L0 
            36b0             36b0        0     1                 .L0 
            36e0             36e0        0     1                 .L0 
            3710             3710        0     1                 .L0 
            3740             3740        0     1                 .L0 
            3770             3770        0     1                 .L0 
            37b0             37b0        0     1                 .L0 
            37f0             37f0        0     1                 .L0 
            3820             3820        0     1                 .L0 
            3850             3850        0     1                 .L0 
            38b0             38b0        0     1                 .L0 
            38e0             38e0        0     1                 .L0 
            3920             3920        0     1                 .L0 
            3950             3950        0     1                 .L0 
            3980             3980        0     1                 .L0 
            39b0             39b0        0     1                 .L0 
            39e0             39e0        0     1                 .L0 
            3a10             3a10        0     1                 .L0 
            3a40             3a40        0     1                 .L0 
            3a80             3a80        0     1                 .L0 
            3ab0             3ab0        0     1                 .L0 
            3af0             3af0        0     1                 .L0 
            3b20             3b20        0     1                 .L0 
            3b50             3b50        0     1                 .L0 
            3b80             3b80        0     1                 .L0 
            3bb0             3bb0        0     1                 .L0 
            3be0             3be0        0     1                 .L0 
            3c30             3c30        0     1                 .L0 
            3c80             3c80        0     1                 .L0 
            3cc0             3cc0        0     1                 .L0 
            3cf0             3cf0        0     1                 .L0 
            3d20             3d20        0     1                 .L0 
            3d60             3d60        0     1                 .L0 
            3d90             3d90        0     1                 .L0 
            3dc0             3dc0        0     1                 .L0 
            3df0             3df0        0     1                 .L0 
            3e20             3e20        0     1                 .L0 
            3e50             3e50        0     1                 .L0 
            3e80             3e80        0     1                 .L0 
            3eb0             3eb0        0     1                 .L0 
            3ee0             3ee0        0     1                 .L0 
            3f20             3f20        0     1                 .L0 
            3f50             3f50        0     1                 .L0 
            3f80             3f80        0     1                 .L0 
            3fb0             3fb0        0     1                 .L0 
            3fe0             3fe0        0     1                 .L0 
            4010             4010        0     1                 .L0 
            4040             4040        0     1                 .L0 
            4080             4080        0     1                 .L0 
            40b0             40b0        0     1                 .L0 
            40f0             40f0        0     1                 .L0 
            4120             4120        0     1                 .L0 
            4150             4150        0     1                 .L0 
            4180             4180        0     1                 .L0 
            41b0             41b0        0     1                 .L0 
            41e0             41e0        0     1                 .L0 
            4210             4210        0     1                 .L0 
            4240             4240        0     1                 .L0 
            4270             4270        0     1                 .L0 
            42a0             42a0        0     1                 .L0 
            42d0             42d0        0     1                 .L0 
            4300             4300        0     1                 .L0 
            4330             4330        0     1                 .L0 
            4390             4390        0     1                 .L0 
            43d0             43d0        0     1                 .L0 
            4410             4410        0     1                 .L0 
            4450             4450        0     1                 .L0 
            4490             4490        0     1                 .L0 
            44d0             44d0        0     1                 .L0 
            4550             4550        0     1                 .L0 
            45d0             45d0        0     1                 .L0 
            46c0             46c0        0     1                 .L0 
            4740             4740        0     1                 .L0 
            47c0             47c0        0     1                 .L0 
            47f0             47f0        0     1                 .L0 
            4820             4820        0     1                 .L0 
            4880             4880        0     1                 .L0 
            48c0             48c0        0     1                 .L0 
            48f0             48f0        0     1                 .L0 
            4920             4920        0     1                 .L0 
            4950             4950        0     1                 .L0 
            4980             4980        0     1                 .L0 
            49f0             49f0        0     1                 .L0 
            4a60             4a60        0     1                 .L0 
            4ae0             4ae0        0     1                 .L0 
            4b30             4b30        0     1                 .L0 
            4b70             4b70        0     1                 .L0 
            4bd0             4bd0        0     1                 .L0 
            4c00             4c00        0     1                 .L0 
            4c30             4c30        0     1                 .L0 
            4c90             4c90        0     1                 .L0 
            4d00             4d00        0     1                 .L0 
            4d80             4d80        0     1                 .L0 
            4dd0             4dd0        0     1                 .L0 
            4e20             4e20        0     1                 .L0 
            4e80             4e80        0     1                 .L0 
            4eb0             4eb0        0     1                 .L0 
            4f00             4f00        0     1                 .L0 
            4f30             4f30        0     1                 .L0 
            4f80             4f80        0     1                 .L0 
            4fb0             4fb0        0     1                 .L0 
            5000             5000        0     1                 .L0 
            5030             5030        0     1                 .L0 
            5060             5060        0     1                 .L0 
            5090             5090        0     1                 .L0 
            50e0             50e0        0     1                 .L0 
            5150             5150        0     1                 .L0 
            51a0             51a0        0     1                 .L0 
            51d0             51d0        0     1                 .L0 
            5220             5220        0     1                 .L0 
            5320             5320        0     1                 .L0 
            54b0             54b0        0     1                 .L0 
            5610             5610        0     1                 .L0 
            56e0             56e0        0     1                 .L0 
            57b0             57b0        0     1                 .L0 
            5850             5850        0     1                 .L0 
            58c0             58c0        0     1                 .L0 
            5900             5900        0     1                 .L0 
            5930             5930        0     1                 .L0 
            5970             5970        0     1                 .L0 
            59a0             59a0        0     1                 .L0 
            59d0             59d0        0     1                 .L0 
            5a00             5a00        0     1                 .L0 
            5a30             5a30        0     1                 .L0 
            5a70             5a70        0     1                 .L0 
            5aa0             5aa0        0     1                 .L0 
            5af0             5af0        0     1                 .L0 
            5b50             5b50        0     1                 .L0 
            5bd0             5bd0        0     1                 .L0 
            5c00             5c00        0     1                 .L0 
            5c30             5c30        0     1                 .L0 
            5c60             5c60        0     1                 .L0 
            5ca0             5ca0        0     1                 .L0 
            5cd0             5cd0        0     1                 .L0 
            5d00             5d00        0     1                 .L0 
            5d30             5d30        0     1                 .L0 
            5d60             5d60        0     1                 .L0 
            5da0             5da0        0     1                 .L0 
            5dd0             5dd0        0     1                 .L0 
            5e00             5e00        0     1                 .L0 
            5e30             5e30        0     1                 .L0 
            5e70             5e70        0     1                 .L0 
            5eb0             5eb0        0     1                 .L0 
            5ee0             5ee0        0     1                 .L0 
            5f20             5f20        0     1                 .L0 
            5f50             5f50        0     1                 .L0 
            5f80             5f80        0     1                 .L0 
            5fb0             5fb0        0     1                 .L0 
            5fe0             5fe0        0     1                 .L0 
            6010             6010        0     1                 .L0 
            6040             6040        0     1                 .L0 
            6070             6070        0     1                 .L0 
            60a0             60a0        0     1                 .L0 
            60d0             60d0        0     1                 .L0 
            6120             6120        0     1                 .L0 
            6150             6150        0     1                 .L0 
            6180             6180        0     1                 .L0 
            61c0             61c0        0     1                 .L0 
            6210             6210        0     1                 .L0 
            6240             6240        0     1                 .L0 
            6270             6270        0     1                 .L0 
            62b0             62b0        0     1                 .L0 
            62e0             62e0        0     1                 .L0 
            6310             6310        0     1                 .L0 
            6350             6350        0     1                 .L0 
            6380             6380        0     1                 .L0 
            63b0             63b0        0     1                 .L0 
            63e0             63e0        0     1                 .L0 
            6430             6430        0     1                 .L0 
            6460             6460        0     1                 .L0 
            6490             6490        0     1                 .L0 
            64e0             64e0        0     1                 .L0 
            6510             6510        0     1                 .L0 
            6540             6540        0     1                 .L0 
            6570             6570        0     1                 .L0 
            65a0             65a0        0     1                 .L0 
            65d0             65d0        0     1                 .L0 
            6610             6610        0     1                 .L0 
            6640             6640        0     1                 .L0 
            6670             6670        0     1                 .L0 
            66a0             66a0        0     1                 .L0 
            66f0             66f0        0     1                 .L0 
            6730             6730        0     1                 .L0 
            6760             6760        0     1                 .L0 
            6790             6790        0     1                 .L0 
            67c0             67c0        0     1                 .L0 
            6800             6800        0     1                 .L0 
            6830             6830        0     1                 .L0 
            6860             6860        0     1                 .L0 
            6890             6890        0     1                 .L0 
            68c0             68c0        0     1                 .L0 
            68f0             68f0        0     1                 .L0 
            6920             6920        0     1                 .L0 
            6950             6950        0     1                 .L0 
            6980             6980        0     1                 .L0 
            69e0             69e0        0     1                 .L0 
            6a10             6a10        0     1                 .L0 
            6a40             6a40        0     1                 .L0 
            6a70             6a70        0     1                 .L0 
            6aa0             6aa0        0     1                 .L0 
            6ad0             6ad0        0     1                 .L0 
            6b00             6b00        0     1                 .L0 
            6b40             6b40        0     1                 .L0 
            6b80             6b80        0     1                 .L0 
[...]
           16810            16810        0     1                 .L0 
           16840            16840        0     1                 .L0 
           16870            16870        0     1                 .L0 
           16900            16900        0     1                 .L0 
           16930            16930        0     1                 .L0 
           16960            16960        0     1                 .L0 
           16990            16990        0     1                 .L0 
           169c0            169c0        0     1                 .L0 
           169f0            169f0        0     1                 .L0 
           16a20            16a20        0     1                 .L0 
           16a50            16a50        0     1                 .L0 
           16ad0            16ad0        0     1                 .L0 
           16b00            16b00        0     1                 .L0 
           16b30            16b30        0     1                 .L0 
           16b60            16b60        0     1                 .L0 
           16b90            16b90        0     1                 .L0 
           16bc0            16bc0        0     1                 .L0 
           16bf0            16bf0        0     1                 .L0 
           16c20            16c20        0     1                 .L0 
           16c60            16c60       30     1         /home/u/.rustup/toolchains/nightly-x86_64-unknown-linux-gnu/lib/rustlib/riscv64imac-unknown-none-elf/lib/libcompiler_builtins-4a582c3407f4ffac.rlib(compiler_builtins-4a582c3407f4ffac.compiler_builtins.359a4673af8eb3be-cgu.260.rcgu.o):(.debug_ranges)
           16c60            16c60        0     1                 .L0 
           16c60            16c60        0     1                 $d
           16c90            16c90       70     1         /home/u/.rustup/toolchains/nightly-x86_64-unknown-linux-gnu/lib/rustlib/riscv64imac-unknown-none-elf/lib/libcompiler_builtins-4a582c3407f4ffac.rlib(compiler_builtins-4a582c3407f4ffac.compiler_builtins.359a4673af8eb3be-cgu.261.rcgu.o):(.debug_ranges)
           16c90            16c90        0     1                 .L0 
           16c90            16c90        0     1                 $d
           16cd0            16cd0        0     1                 .L0 
           16d00            16d00      260     1         /home/u/.rustup/toolchains/nightly-x86_64-unknown-linux-gnu/lib/rustlib/riscv64imac-unknown-none-elf/lib/libcompiler_builtins-4a582c3407f4ffac.rlib(compiler_builtins-4a582c3407f4ffac.compiler_builtins.359a4673af8eb3be-cgu.014.rcgu.o):(.debug_ranges)
           16d00            16d00        0     1                 .L0 
           16d00            16d00        0     1                 $d
           16d30            16d30        0     1                 .L0 
           16d60            16d60        0     1                 .L0 
           16d90            16d90        0     1                 .L0 
           16dc0            16dc0        0     1                 .L0 
           16df0            16df0        0     1                 .L0 
           16e20            16e20        0     1                 .L0 
           16e50            16e50        0     1                 .L0 
           16e90            16e90        0     1                 .L0 
           16ec0            16ec0        0     1                 .L0 
           16ef0            16ef0        0     1                 .L0 
           16f20            16f20        0     1                 .L0 
           16f60            16f60       40     1         /home/u/.rustup/toolchains/nightly-x86_64-unknown-linux-gnu/lib/rustlib/riscv64imac-unknown-none-elf/lib/libcompiler_builtins-4a582c3407f4ffac.rlib(compiler_builtins-4a582c3407f4ffac.compiler_builtins.359a4673af8eb3be-cgu.338.rcgu.o):(.debug_ranges)
           16f60            16f60        0     1                 .L0 
           16f60            16f60        0     1                 $d
           16fa0            16fa0       40     1         /home/u/.rustup/toolchains/nightly-x86_64-unknown-linux-gnu/lib/rustlib/riscv64imac-unknown-none-elf/lib/libcompiler_builtins-4a582c3407f4ffac.rlib(compiler_builtins-4a582c3407f4ffac.compiler_builtins.359a4673af8eb3be-cgu.339.rcgu.o):(.debug_ranges)
           16fa0            16fa0        0     1                 .L0 
           16fa0            16fa0        0     1                 $d
           16fe0            16fe0       40     1         /home/u/.rustup/toolchains/nightly-x86_64-unknown-linux-gnu/lib/rustlib/riscv64imac-unknown-none-elf/lib/libcompiler_builtins-4a582c3407f4ffac.rlib(compiler_builtins-4a582c3407f4ffac.compiler_builtins.359a4673af8eb3be-cgu.353.rcgu.o):(.debug_ranges)
           16fe0            16fe0        0     1                 .L0 
           16fe0            16fe0        0     1                 $d
           17020            17020       90     1         /home/u/.rustup/toolchains/nightly-x86_64-unknown-linux-gnu/lib/rustlib/riscv64imac-unknown-none-elf/lib/libcompiler_builtins-4a582c3407f4ffac.rlib(compiler_builtins-4a582c3407f4ffac.compiler_builtins.359a4673af8eb3be-cgu.355.rcgu.o):(.debug_ranges)
           17020            17020        0     1                 .L0 
           17020            17020        0     1                 $d
           17050            17050        0     1                 .L0 
           17080            17080        0     1                 .L0 
           170b0            170b0       30     1         /home/u/.rustup/toolchains/nightly-x86_64-unknown-linux-gnu/lib/rustlib/riscv64imac-unknown-none-elf/lib/libcompiler_builtins-4a582c3407f4ffac.rlib(compiler_builtins-4a582c3407f4ffac.compiler_builtins.359a4673af8eb3be-cgu.383.rcgu.o):(.debug_ranges)
           170b0            170b0        0     1                 .L0 
           170b0            170b0        0     1                 $d
           170e0            170e0       70     1         /home/u/.rustup/toolchains/nightly-x86_64-unknown-linux-gnu/lib/rustlib/riscv64imac-unknown-none-elf/lib/libcompiler_builtins-4a582c3407f4ffac.rlib(compiler_builtins-4a582c3407f4ffac.compiler_builtins.359a4673af8eb3be-cgu.384.rcgu.o):(.debug_ranges)
           170e0            170e0        0     1                 .L0 
           170e0            170e0        0     1                 $d
           17120            17120        0     1                 .L0 
           17150            17150       30     1         /home/u/.rustup/toolchains/nightly-x86_64-unknown-linux-gnu/lib/rustlib/riscv64imac-unknown-none-elf/lib/libcompiler_builtins-4a582c3407f4ffac.rlib(compiler_builtins-4a582c3407f4ffac.compiler_builtins.359a4673af8eb3be-cgu.393.rcgu.o):(.debug_ranges)
           17150            17150        0     1                 .L0 
           17150            17150        0     1                 $d
               0                0    3ba01     1 .debug_str
               0                0    3ba01     1         <internal>:(.debug_str)
               0                0       93     1 .comment
               0                0       93     1         <internal>:(.comment)
               0                0       47     1 .riscv.attributes
               0                0       47     1         <internal>:(.riscv.attributes)
               0                0       a8     8 .debug_frame
               0                0       38     8         /home/u/develop/rost_riscv/target/riscv64imac-unknown-none-elf/debug/deps/rost_riscv-4c15f3a86dfdbb2c.2f40wl5k9hkvg0zk9at17yl6m.rcgu.o:(.debug_frame)
               0                0        0     1                 .L0 
               0                0        0     1                 $d
              38               38       70     8         /home/u/develop/rost_riscv/target/riscv64imac-unknown-none-elf/debug/deps/rost_riscv-4c15f3a86dfdbb2c.ejog7uowoolmo8gedcrnjuitm.rcgu.o:(.debug_frame)
              38               38        0     1                 .L0 
              38               38        0     1                 $d
               0                0    28678     1 .debug_line
               0                0      32b     1         /home/u/develop/rost_riscv/target/riscv64imac-unknown-none-elf/debug/deps/rost_riscv-4c15f3a86dfdbb2c.2f40wl5k9hkvg0zk9at17yl6m.rcgu.o:(.debug_line)
               0                0        0     1                 .Lline_table_start0
               0                0        0     1                 $d
             32b              32b      1c3     1         /home/u/develop/rost_riscv/target/riscv64imac-unknown-none-elf/debug/deps/rost_riscv-4c15f3a86dfdbb2c.ejog7uowoolmo8gedcrnjuitm.rcgu.o:(.debug_line)
             32b              32b        0     1                 .Lline_table_start0
             32b              32b        0     1                 $d
             4ee              4ee    230ac     1         /home/u/.rustup/toolchains/nightly-x86_64-unknown-linux-gnu/lib/rustlib/riscv64imac-unknown-none-elf/lib/libcore-9e7c54f03933e946.rlib(core-9e7c54f03933e946.core.d38e516c233c8d20-cgu.0.rcgu.o):(.debug_line)
             4ee              4ee        0     1                 .Lline_table_start0
             4ee              4ee        0     1                 $d
           2359a            2359a      275     1         /home/u/.rustup/toolchains/nightly-x86_64-unknown-linux-gnu/lib/rustlib/riscv64imac-unknown-none-elf/lib/libcompiler_builtins-4a582c3407f4ffac.rlib(compiler_builtins-4a582c3407f4ffac.compiler_builtins.359a4673af8eb3be-cgu.178.rcgu.o):(.debug_line)
           2359a            2359a        0     1                 .Lline_table_start0
           2359a            2359a        0     1                 $d
           23732            23732        0     1                 .Lline_table_start1
           2380f            2380f       4e     1         /home/u/.rustup/toolchains/nightly-x86_64-unknown-linux-gnu/lib/rustlib/riscv64imac-unknown-none-elf/lib/libcompiler_builtins-4a582c3407f4ffac.rlib(compiler_builtins-4a582c3407f4ffac.compiler_builtins.359a4673af8eb3be-cgu.186.rcgu.o):(.debug_line)
           2380f            2380f        0     1                 .Lline_table_start0
           2380f            2380f        0     1                 $d
           2385d            2385d     15eb     1         /home/u/.rustup/toolchains/nightly-x86_64-unknown-linux-gnu/lib/rustlib/riscv64imac-unknown-none-elf/lib/libcompiler_builtins-4a582c3407f4ffac.rlib(compiler_builtins-4a582c3407f4ffac.compiler_builtins.359a4673af8eb3be-cgu.000.rcgu.o):(.debug_line)
           2385d            2385d        0     1                 .Lline_table_start0
           2385d            2385d        0     1                 $d
           24d24            24d24        0     1                 .Lline_table_start1
           24dab            24dab        0     1                 .Lline_table_start2
           24e48            24e48      28f     1         /home/u/.rustup/toolchains/nightly-x86_64-unknown-linux-gnu/lib/rustlib/riscv64imac-unknown-none-elf/lib/libcompiler_builtins-4a582c3407f4ffac.rlib(compiler_builtins-4a582c3407f4ffac.compiler_builtins.359a4673af8eb3be-cgu.216.rcgu.o):(.debug_line)
           24e48            24e48        0     1                 .Lline_table_start0
           24e48            24e48        0     1                 $d
           24ffa            24ffa        0     1                 .Lline_table_start1
           250d7            250d7       4e     1         /home/u/.rustup/toolchains/nightly-x86_64-unknown-linux-gnu/lib/rustlib/riscv64imac-unknown-none-elf/lib/libcompiler_builtins-4a582c3407f4ffac.rlib(compiler_builtins-4a582c3407f4ffac.compiler_builtins.359a4673af8eb3be-cgu.237.rcgu.o):(.debug_line)
           250d7            250d7        0     1                 .Lline_table_start0
           250d7            250d7        0     1                 $d
           25125            25125     114d     1         /home/u/.rustup/toolchains/nightly-x86_64-unknown-linux-gnu/lib/rustlib/riscv64imac-unknown-none-elf/lib/libcompiler_builtins-4a582c3407f4ffac.rlib(compiler_builtins-4a582c3407f4ffac.compiler_builtins.359a4673af8eb3be-cgu.006.rcgu.o):(.debug_line)
           25125            25125        0     1                 .Lline_table_start0
           25125            25125        0     1                 $d
           2611b            2611b        0     1                 .Lline_table_start1
           261a2            261a2        0     1                 .Lline_table_start2
           2623f            2623f        0     1                 .Lline_table_start3
           26272            26272      100     1         /home/u/.rustup/toolchains/nightly-x86_64-unknown-linux-gnu/lib/rustlib/riscv64imac-unknown-none-elf/lib/libcompiler_builtins-4a582c3407f4ffac.rlib(compiler_builtins-4a582c3407f4ffac.compiler_builtins.359a4673af8eb3be-cgu.260.rcgu.o):(.debug_line)
           26272            26272        0     1                 .Lline_table_start0
           26272            26272        0     1                 $d
           2632f            2632f        0     1                 .Lline_table_start1
           26372            26372      2ea     1         /home/u/.rustup/toolchains/nightly-x86_64-unknown-linux-gnu/lib/rustlib/riscv64imac-unknown-none-elf/lib/libcompiler_builtins-4a582c3407f4ffac.rlib(compiler_builtins-4a582c3407f4ffac.compiler_builtins.359a4673af8eb3be-cgu.261.rcgu.o):(.debug_line)
           26372            26372        0     1                 .Lline_table_start0
           26372            26372        0     1                 $d
           26548            26548        0     1                 .Lline_table_start1
           2662d            2662d        0     1                 .Lline_table_start2
           2665c            2665c       4e     1         /home/u/.rustup/toolchains/nightly-x86_64-unknown-linux-gnu/lib/rustlib/riscv64imac-unknown-none-elf/lib/libcompiler_builtins-4a582c3407f4ffac.rlib(compiler_builtins-4a582c3407f4ffac.compiler_builtins.359a4673af8eb3be-cgu.304.rcgu.o):(.debug_line)
           2665c            2665c        0     1                 .Lline_table_start0
           2665c            2665c        0     1                 $d
           266aa            266aa       9e     1         /home/u/.rustup/toolchains/nightly-x86_64-unknown-linux-gnu/lib/rustlib/riscv64imac-unknown-none-elf/lib/libcompiler_builtins-4a582c3407f4ffac.rlib(compiler_builtins-4a582c3407f4ffac.compiler_builtins.359a4673af8eb3be-cgu.316.rcgu.o):(.debug_line)
           266aa            266aa        0     1                 .Lline_table_start0
           266aa            266aa        0     1                 $d
           26719            26719        0     1                 .Lline_table_start1
           26748            26748      9c6     1         /home/u/.rustup/toolchains/nightly-x86_64-unknown-linux-gnu/lib/rustlib/riscv64imac-unknown-none-elf/lib/libcompiler_builtins-4a582c3407f4ffac.rlib(compiler_builtins-4a582c3407f4ffac.compiler_builtins.359a4673af8eb3be-cgu.014.rcgu.o):(.debug_line)
           26748            26748        0     1                 .Lline_table_start0
           26748            26748        0     1                 $d
           2710e            2710e      293     1         /home/u/.rustup/toolchains/nightly-x86_64-unknown-linux-gnu/lib/rustlib/riscv64imac-unknown-none-elf/lib/libcompiler_builtins-4a582c3407f4ffac.rlib(compiler_builtins-4a582c3407f4ffac.compiler_builtins.359a4673af8eb3be-cgu.338.rcgu.o):(.debug_line)
           2710e            2710e        0     1                 .Lline_table_start0
           2710e            2710e        0     1                 $d
           272c4            272c4        0     1                 .Lline_table_start1
           273a1            273a1      293     1         /home/u/.rustup/toolchains/nightly-x86_64-unknown-linux-gnu/lib/rustlib/riscv64imac-unknown-none-elf/lib/libcompiler_builtins-4a582c3407f4ffac.rlib(compiler_builtins-4a582c3407f4ffac.compiler_builtins.359a4673af8eb3be-cgu.339.rcgu.o):(.debug_line)
           273a1            273a1        0     1                 .Lline_table_start0
           273a1            273a1        0     1                 $d
           27557            27557        0     1                 .Lline_table_start1
           27634            27634      28f     1         /home/u/.rustup/toolchains/nightly-x86_64-unknown-linux-gnu/lib/rustlib/riscv64imac-unknown-none-elf/lib/libcompiler_builtins-4a582c3407f4ffac.rlib(compiler_builtins-4a582c3407f4ffac.compiler_builtins.359a4673af8eb3be-cgu.353.rcgu.o):(.debug_line)
           27634            27634        0     1                 .Lline_table_start0
           27634            27634        0     1                 $d
           277e6            277e6        0     1                 .Lline_table_start1
           278c3            278c3       4e     1         /home/u/.rustup/toolchains/nightly-x86_64-unknown-linux-gnu/lib/rustlib/riscv64imac-unknown-none-elf/lib/libcompiler_builtins-4a582c3407f4ffac.rlib(compiler_builtins-4a582c3407f4ffac.compiler_builtins.359a4673af8eb3be-cgu.354.rcgu.o):(.debug_line)
           278c3            278c3        0     1                 .Lline_table_start0
           278c3            278c3        0     1                 $d
           27911            27911      3ac     1         /home/u/.rustup/toolchains/nightly-x86_64-unknown-linux-gnu/lib/rustlib/riscv64imac-unknown-none-elf/lib/libcompiler_builtins-4a582c3407f4ffac.rlib(compiler_builtins-4a582c3407f4ffac.compiler_builtins.359a4673af8eb3be-cgu.355.rcgu.o):(.debug_line)
           27911            27911        0     1                 .Lline_table_start0
           27911            27911        0     1                 $d
           27b7a            27b7a        0     1                 .Lline_table_start1
           27cbd            27cbd      26b     1         /home/u/.rustup/toolchains/nightly-x86_64-unknown-linux-gnu/lib/rustlib/riscv64imac-unknown-none-elf/lib/libcompiler_builtins-4a582c3407f4ffac.rlib(compiler_builtins-4a582c3407f4ffac.compiler_builtins.359a4673af8eb3be-cgu.383.rcgu.o):(.debug_line)
           27cbd            27cbd        0     1                 .Lline_table_start0
           27cbd            27cbd        0     1                 $d
           27e4b            27e4b        0     1                 .Lline_table_start1
           27f28            27f28      2b0     1         /home/u/.rustup/toolchains/nightly-x86_64-unknown-linux-gnu/lib/rustlib/riscv64imac-unknown-none-elf/lib/libcompiler_builtins-4a582c3407f4ffac.rlib(compiler_builtins-4a582c3407f4ffac.compiler_builtins.359a4673af8eb3be-cgu.384.rcgu.o):(.debug_line)
           27f28            27f28        0     1                 .Lline_table_start0
           27f28            27f28        0     1                 $d
           280c4            280c4        0     1                 .Lline_table_start1
           281a9            281a9        0     1                 .Lline_table_start2
           281d8            281d8      4a0     1         /home/u/.rustup/toolchains/nightly-x86_64-unknown-linux-gnu/lib/rustlib/riscv64imac-unknown-none-elf/lib/libcompiler_builtins-4a582c3407f4ffac.rlib(compiler_builtins-4a582c3407f4ffac.compiler_builtins.359a4673af8eb3be-cgu.393.rcgu.o):(.debug_line)
           281d8            281d8        0     1                 .Lline_table_start0
           281d8            281d8        0     1                 $d
           28525            28525        0     1                 .Lline_table_start1
               0                0     b538     8 .symtab
               0                0     b538     8         <internal>:(.symtab)
               0                0       ae     1 .shstrtab
               0                0       ae     1         <internal>:(.shstrtab)
               0                0     2ce9     1 .strtab
               0                0     2ce9     1         <internal>:(.strtab)
