             VMA              LMA     Size Align Out     In      Symbol
               0                0 80200000     1 . = 0x80200000
        80200000                0        0     1 __kernel_base = .
        80200000         80200000      2fa     2 .text
        80200000         80200000        e     2         /home/u/develop/rost_riscv/target/riscv64imac-unknown-none-elf/debug/deps/rost_riscv-4c15f3a86dfdbb2c.ejog7uowoolmo8gedcrnjuitm.rcgu.o:(.text.boot)
        80200000         80200000        0     1                 .L0 
        80200000         80200000        0     1                 .L0 
        80200000         80200000        0     1                 .Lpcrel_hi5
        80200000         80200000        0     1                 $x
        80200000         80200000        0     1                 .L0 
        80200000         80200000        e     1                 _entry
        8020000c         8020000c        0     1                 .L0 
        8020000e         8020000e        0     1                 .L0 
        8020000e         8020000e        0     1                 .L0 
        8020000e         8020000e        0     1                 .L0 
        8020000e         8020000e       f2     2         /home/u/develop/rost_riscv/target/riscv64imac-unknown-none-elf/debug/deps/rost_riscv-4c15f3a86dfdbb2c.2f40wl5k9hkvg0zk9at17yl6m.rcgu.o:(.text._ZN4core10intrinsics11write_bytes18precondition_check17hda39fab5622aa789E)
        8020000e         8020000e        0     1                 .L0 
        8020000e         8020000e        0     1                 .L0 
        8020000e         8020000e        0     1                 $x
        8020000e         8020000e        0     1                 .L0 
        8020000e         8020000e       f2     1                 core::intrinsics::write_bytes::precondition_check::hda39fab5622aa789
        80200010         80200010        0     1                 .L0 
        80200020         80200020        0     1                 .Lpcrel_hi0
        80200020         80200020        0     1                 .L0 
        80200020         80200020        0     1                 .L0 
        8020002a         8020002a        0     1                 .L0 
        8020002a         8020002a        0     1                 .L0 
        80200088         80200088        0     1                 .L0 
        8020008e         8020008e        0     1                 .L0 
        80200092         80200092        0     1                 .L0 
        80200092         80200092        0     1                 .L0 
        80200096         80200096        0     1                 .L0 
        80200098         80200098        0     1                 .L0 
        8020009a         8020009a        0     1                 .L0 
        8020009a         8020009a        0     1                 .L0 
        8020009e         8020009e        0     1                 .Lpcrel_hi1
        8020009e         8020009e        0     1                 .L0 
        8020009e         8020009e        0     1                 .L0 
        802000ac         802000ac        0     1                 .Lpcrel_hi2
        802000c4         802000c4        0     1                 .L0 
        802000c4         802000c4        0     1                 .Lpcrel_hi3
        802000c4         802000c4        0     1                 .L0 
        802000d6         802000d6        0     1                 .L0 
        802000d6         802000d6        0     1                 .L0 
        802000d8         802000d8        0     1                 .L0 
        802000de         802000de        0     1                 .L0 
        802000de         802000de        0     1                 .L0 
        802000e0         802000e0        0     1                 .L0 
        802000e2         802000e2        0     1                 .L0 
        802000e6         802000e6        0     1                 .L0 
        802000e8         802000e8        0     1                 .Lpcrel_hi4
        802000e8         802000e8        0     1                 .L0 
        802000fc         802000fc        0     1                 .L0 
        802000fe         802000fe        0     1                 .L0 
        80200100         80200100        0     1                 .L0 
        80200100         80200100        0     1                 .L0 
        80200100         80200100        0     1                 .L0 
        80200100         80200100       84     2         /home/u/develop/rost_riscv/target/riscv64imac-unknown-none-elf/debug/deps/rost_riscv-4c15f3a86dfdbb2c.ejog7uowoolmo8gedcrnjuitm.rcgu.o:(.text.kernel_main)
        80200100         80200100        0     1                 .L0 
        80200100         80200100        0     1                 .L0 
        80200100         80200100        0     1                 $x
        80200100         80200100        0     1                 .L0 
        80200100         80200100       84     1                 kernel_main
        80200104         80200104        0     1                 .Lpcrel_hi0
        80200104         80200104        0     1                 .L0 
        8020010e         8020010e        0     1                 .Lpcrel_hi1
        8020010e         8020010e        0     1                 .L0 
        8020010e         8020010e        0     1                 .L0 
        80200118         80200118        0     1                 .L0 
        80200118         80200118        0     1                 .L0 
        8020011e         8020011e        0     1                 .Lpcrel_hi2
        8020011e         8020011e        0     1                 .L0 
        80200132         80200132        0     1                 .Lpcrel_hi3
        80200140         80200140        0     1                 .L0 
        80200140         80200140        0     1                 .L0 
        80200148         80200148        0     1                 .L0 
        8020015c         8020015c        0     1                 .L0 
        80200166         80200166        0     1                 .L0 
        80200166         80200166        0     1                 .L0 
        8020016a         8020016a        0     1                 .L0 
        80200172         80200172        0     1                 .L0 
        80200172         80200172        0     1                 .Lpcrel_hi4
        80200172         80200172        0     1                 .L0 
        80200182         80200182        0     1                 .L0 
        80200182         80200182        0     1                 .L0 
        80200184         80200184        0     1                 .L0 
        80200184         80200184        0     1                 .L0 
        80200184         80200184        0     1                 .L0 
        80200184         80200184        0     1                 .L0 
        80200184         80200184        8     2         /home/u/develop/rost_riscv/target/riscv64imac-unknown-none-elf/debug/deps/rost_riscv-4c15f3a86dfdbb2c.ejog7uowoolmo8gedcrnjuitm.rcgu.o:(.text.rust_begin_unwind)
        80200184         80200184        0     1                 .L0 
        80200184         80200184        0     1                 .L0 
        80200184         80200184        0     1                 $x
        80200184         80200184        0     1                 .L0 
        80200184         80200184        8     1                 rust_begin_unwind
        80200188         80200188        0     1                 .L0 
        8020018c         8020018c        0     1                 .L0 
        8020018c         8020018c        0     1                 .L0 
        8020018c         8020018c        0     1                 .L0 
        8020018c         8020018c       22     2         /home/u/.rustup/toolchains/nightly-x86_64-unknown-linux-gnu/lib/rustlib/riscv64imac-unknown-none-elf/lib/libcore-9e7c54f03933e946.rlib(core-9e7c54f03933e946.core.d38e516c233c8d20-cgu.0.rcgu.o):(.text.unlikely._ZN4core9panicking9panic_fmt17h36b2d632fba62654E)
        8020018c         8020018c        0     1                 .L0 
        8020018c         8020018c        0     1                 .L0 
        8020018c         8020018c        0     1                 $x
        8020018c         8020018c        0     1                 .L0 
        8020018c         8020018c       22     1                 core::panicking::panic_fmt::h36b2d632fba62654
        80200196         80200196        0     1                 .L0 
        80200196         80200196        0     1                 .L0 
        802001a2         802001a2        0     1                 .L0 
        802001ae         802001ae        0     1                 .L0 
        802001ae         802001ae       50     2         /home/u/.rustup/toolchains/nightly-x86_64-unknown-linux-gnu/lib/rustlib/riscv64imac-unknown-none-elf/lib/libcore-9e7c54f03933e946.rlib(core-9e7c54f03933e946.core.d38e516c233c8d20-cgu.0.rcgu.o):(.text.unlikely._ZN4core9panicking18panic_nounwind_fmt17hbc3e7685880d85c7E)
        802001ae         802001ae        0     1                 .L0 
        802001ae         802001ae        0     1                 .L0 
        802001ae         802001ae        0     1                 $x
        802001ae         802001ae        0     1                 .L0 
        802001ae         802001ae       50     1                 core::panicking::panic_nounwind_fmt::hbc3e7685880d85c7
        802001b6         802001b6        0     1                 .L0 
        802001e2         802001e2        0     1                 .L0 
        802001e2         802001e2        0     1                 .L0 
        802001f2         802001f2        0     1                 .L0 
        802001fe         802001fe        0     1                 .L0 
        802001fe         802001fe       42     2         /home/u/.rustup/toolchains/nightly-x86_64-unknown-linux-gnu/lib/rustlib/riscv64imac-unknown-none-elf/lib/libcore-9e7c54f03933e946.rlib(core-9e7c54f03933e946.core.d38e516c233c8d20-cgu.0.rcgu.o):(.text.unlikely._ZN4core9panicking14panic_nounwind17h24a65206364148bfE)
        802001fe         802001fe        0     1                 .L0 
        802001fe         802001fe        0     1                 .L0 
        802001fe         802001fe        0     1                 $x
        802001fe         802001fe        0     1                 .L0 
        802001fe         802001fe       42     1                 core::panicking::panic_nounwind::h24a65206364148bf
        80200206         80200206        0     1                 .L0 
        80200214         80200214        0     1                 .L0 
        80200214         80200214        0     1                 .L0 
        8020022a         8020022a        0     1                 .Lpcrel_hi353
        8020022a         8020022a        0     1                 .L0 
        80200240         80200240        0     1                 .L0 
        80200240         80200240       36     2         /home/u/.rustup/toolchains/nightly-x86_64-unknown-linux-gnu/lib/rustlib/riscv64imac-unknown-none-elf/lib/libcore-9e7c54f03933e946.rlib(core-9e7c54f03933e946.core.d38e516c233c8d20-cgu.0.rcgu.o):(.text.unlikely._ZN4core9panicking11panic_const24panic_const_sub_overflow17hb3e527dd4e648c8aE)
        80200240         80200240        0     1                 .L0 
        80200240         80200240        0     1                 .L0 
        80200240         80200240        0     1                 $x
        80200240         80200240        0     1                 .L0 
        80200240         80200240       36     1                 core::panicking::panic_const::panic_const_sub_overflow::hb3e527dd4e648c8a
        8020024a         8020024a        0     1                 .Lpcrel_hi955
        8020024a         8020024a        0     1                 .L0 
        8020024a         8020024a        0     1                 .L0 
        8020026a         8020026a        0     1                 .L0 
        80200276         80200276        0     1                 .L0 
        80200276         80200276       84     2         /home/u/.rustup/toolchains/nightly-x86_64-unknown-linux-gnu/lib/rustlib/riscv64imac-unknown-none-elf/lib/libcompiler_builtins-4a582c3407f4ffac.rlib(compiler_builtins-4a582c3407f4ffac.compiler_builtins.359a4673af8eb3be-cgu.355.rcgu.o):(.text.memset)
        80200276         80200276        0     1                 .L0 
        80200276         80200276        0     1                 .L0 
        80200276         80200276        0     1                 $x
        80200276         80200276        0     1                 .L0 
        80200276         80200276       84     1                 memset
        8020027e         8020027e        0     1                 .L0 
        80200280         80200280        0     1                 .L0 
        80200280         80200280        0     1                 .L0 
        80200284         80200284        0     1                 .L0 
        80200284         80200284        0     1                 .L0 
        80200288         80200288        0     1                 .L0 
        8020028c         8020028c        0     1                 .L0 
        8020028c         8020028c        0     1                 .L0 
        80200290         80200290        0     1                 .L0 
        80200294         80200294        0     1                 .L0 
        80200298         80200298        0     1                 .L0 
        8020029c         8020029c        0     1                 .L0 
        8020029e         8020029e        0     1                 .L0 
        8020029e         8020029e        0     1                 .L0 
        802002a0         802002a0        0     1                 .L0 
        802002a2         802002a2        0     1                 .L0 
        802002a2         802002a2        0     1                 .L0 
        802002a6         802002a6        0     1                 .L0 
        802002aa         802002aa        0     1                 .L0 
        802002aa         802002aa        0     1                 .L0 
        802002ac         802002ac        0     1                 .L0 
        802002b0         802002b0        0     1                 .L0 
        802002ca         802002ca        0     1                 .L0 
        802002cc         802002cc        0     1                 .L0 
        802002cc         802002cc        0     1                 .L0 
        802002ce         802002ce        0     1                 .L0 
        802002d2         802002d2        0     1                 .L0 
        802002d2         802002d2        0     1                 .L0 
        802002d4         802002d4        0     1                 .L0 
        802002d4         802002d4        0     1                 .L0 
        802002dc         802002dc        0     1                 .L0 
        802002dc         802002dc        0     1                 .L0 
        802002e0         802002e0        0     1                 .L0 
        802002e2         802002e2        0     1                 .L0 
        802002e2         802002e2        0     1                 .L0 
        802002e6         802002e6        0     1                 .L0 
        802002e6         802002e6        0     1                 .L0 
        802002e6         802002e6        0     1                 .L0 
        802002ee         802002ee        0     1                 .L0 
        802002f0         802002f0        0     1                 .L0 
        802002f0         802002f0        0     1                 .L0 
        802002fa         802002fa        0     1                 .L0 
        802002fa         802002fa        0     1                 .L0 
        802002fa         802002fa        0     1                 .L0 
        802002fa         802002fa        0     1                 .L0 
        80200300         80200300      260     8 .rodata
        80200300         80200300       2a     1         /home/u/develop/rost_riscv/target/riscv64imac-unknown-none-elf/debug/deps/rost_riscv-4c15f3a86dfdbb2c.2f40wl5k9hkvg0zk9at17yl6m.rcgu.o:(.rodata..Lanon.9b9a5f3a1ccd535650b7fdb0250261b6.0)
        80200300         80200300       2a     1                 .Lanon.9b9a5f3a1ccd535650b7fdb0250261b6.0
        80200300         80200300        0     1                 $d
        80200330         80200330       10     8         /home/u/develop/rost_riscv/target/riscv64imac-unknown-none-elf/debug/deps/rost_riscv-4c15f3a86dfdbb2c.2f40wl5k9hkvg0zk9at17yl6m.rcgu.o:(.rodata..Lanon.9b9a5f3a1ccd535650b7fdb0250261b6.1)
        80200330         80200330       10     1                 .Lanon.9b9a5f3a1ccd535650b7fdb0250261b6.1
        80200330         80200330        0     1                 $d
        80200340         80200340       e4     1         /home/u/develop/rost_riscv/target/riscv64imac-unknown-none-elf/debug/deps/rost_riscv-4c15f3a86dfdbb2c.2f40wl5k9hkvg0zk9at17yl6m.rcgu.o:(.rodata..Lanon.9b9a5f3a1ccd535650b7fdb0250261b6.2)
        80200340         80200340       e4     1                 .Lanon.9b9a5f3a1ccd535650b7fdb0250261b6.2
        80200340         80200340        0     1                 $d
        80200428         80200428       10     8         <internal>:(.rodata.cst16)
        80200438         80200438       72     1         /home/u/develop/rost_riscv/target/riscv64imac-unknown-none-elf/debug/deps/rost_riscv-4c15f3a86dfdbb2c.2f40wl5k9hkvg0zk9at17yl6m.rcgu.o:(.rodata..Lanon.9b9a5f3a1ccd535650b7fdb0250261b6.4)
        80200438         80200438       72     1                 .Lanon.9b9a5f3a1ccd535650b7fdb0250261b6.4
        80200438         80200438        0     1                 $d
        802004b0         802004b0       18     8         /home/u/develop/rost_riscv/target/riscv64imac-unknown-none-elf/debug/deps/rost_riscv-4c15f3a86dfdbb2c.2f40wl5k9hkvg0zk9at17yl6m.rcgu.o:(.rodata..Lanon.9b9a5f3a1ccd535650b7fdb0250261b6.5)
        802004b0         802004b0       18     1                 .Lanon.9b9a5f3a1ccd535650b7fdb0250261b6.5
        802004b0         802004b0        0     1                 $d
        802004c8         802004c8        b     1         /home/u/develop/rost_riscv/target/riscv64imac-unknown-none-elf/debug/deps/rost_riscv-4c15f3a86dfdbb2c.ejog7uowoolmo8gedcrnjuitm.rcgu.o:(.rodata..Lanon.9e6fac3f25569e1e36b4348a771e4cca.0)
        802004c8         802004c8        b     1                 .Lanon.9e6fac3f25569e1e36b4348a771e4cca.0
        802004c8         802004c8        0     1                 $d
        802004d8         802004d8       18     8         /home/u/develop/rost_riscv/target/riscv64imac-unknown-none-elf/debug/deps/rost_riscv-4c15f3a86dfdbb2c.ejog7uowoolmo8gedcrnjuitm.rcgu.o:(.rodata..Lanon.9e6fac3f25569e1e36b4348a771e4cca.1)
        802004d8         802004d8       18     1                 .Lanon.9e6fac3f25569e1e36b4348a771e4cca.1
        802004d8         802004d8        0     1                 $d
        802004f0         802004f0       21     1         /home/u/.rustup/toolchains/nightly-x86_64-unknown-linux-gnu/lib/rustlib/riscv64imac-unknown-none-elf/lib/libcore-9e7c54f03933e946.rlib(core-9e7c54f03933e946.core.d38e516c233c8d20-cgu.0.rcgu.o):(.rodata..Lanon.caf45d4f0b6318b9fd8e773dceb11cd4.126)
        802004f0         802004f0       21     1                 .Lanon.caf45d4f0b6318b9fd8e773dceb11cd4.126
        802004f0         802004f0        0     1                 $d
        80200518         80200518       10     8         /home/u/.rustup/toolchains/nightly-x86_64-unknown-linux-gnu/lib/rustlib/riscv64imac-unknown-none-elf/lib/libcore-9e7c54f03933e946.rlib(core-9e7c54f03933e946.core.d38e516c233c8d20-cgu.0.rcgu.o):(.rodata..Lanon.caf45d4f0b6318b9fd8e773dceb11cd4.127)
        80200518         80200518       10     1                 .Lanon.caf45d4f0b6318b9fd8e773dceb11cd4.127
        80200518         80200518        0     1                 $d
        80200528         80200528       1d     1         /home/u/.rustup/toolchains/nightly-x86_64-unknown-linux-gnu/lib/rustlib/riscv64imac-unknown-none-elf/lib/libcore-9e7c54f03933e946.rlib(core-9e7c54f03933e946.core.d38e516c233c8d20-cgu.0.rcgu.o):(.rodata..Lanon.caf45d4f0b6318b9fd8e773dceb11cd4.226)
        80200528         80200528       1d     1                 .Lanon.caf45d4f0b6318b9fd8e773dceb11cd4.226
        80200528         80200528        0     1                 $d
        80200548         80200548       18     8         /home/u/.rustup/toolchains/nightly-x86_64-unknown-linux-gnu/lib/rustlib/riscv64imac-unknown-none-elf/lib/libcore-9e7c54f03933e946.rlib(core-9e7c54f03933e946.core.d38e516c233c8d20-cgu.0.rcgu.o):(.rodata..Lanon.caf45d4f0b6318b9fd8e773dceb11cd4.227)
        80200548         80200548       18     1                 .Lanon.caf45d4f0b6318b9fd8e773dceb11cd4.227
        80200548         80200548        0     1                 $d
        80200560         80200560       c4     8 .eh_frame
        80200560         80200560       14     1         /home/u/.rustup/toolchains/nightly-x86_64-unknown-linux-gnu/lib/rustlib/riscv64imac-unknown-none-elf/lib/libcore-9e7c54f03933e946.rlib(core-9e7c54f03933e946.core.d38e516c233c8d20-cgu.0.rcgu.o):(.eh_frame+0x0)
        80200574         80200574       40     1         /home/u/.rustup/toolchains/nightly-x86_64-unknown-linux-gnu/lib/rustlib/riscv64imac-unknown-none-elf/lib/libcore-9e7c54f03933e946.rlib(core-9e7c54f03933e946.core.d38e516c233c8d20-cgu.0.rcgu.o):(.eh_frame+0x1884)
        802005b4         802005b4       20     1         /home/u/.rustup/toolchains/nightly-x86_64-unknown-linux-gnu/lib/rustlib/riscv64imac-unknown-none-elf/lib/libcore-9e7c54f03933e946.rlib(core-9e7c54f03933e946.core.d38e516c233c8d20-cgu.0.rcgu.o):(.eh_frame+0x18e4)
        802005d4         802005d4       20     1         /home/u/.rustup/toolchains/nightly-x86_64-unknown-linux-gnu/lib/rustlib/riscv64imac-unknown-none-elf/lib/libcore-9e7c54f03933e946.rlib(core-9e7c54f03933e946.core.d38e516c233c8d20-cgu.0.rcgu.o):(.eh_frame+0x49ec)
        802005f4         802005f4       2c     1         /home/u/.rustup/toolchains/nightly-x86_64-unknown-linux-gnu/lib/rustlib/riscv64imac-unknown-none-elf/lib/libcompiler_builtins-4a582c3407f4ffac.rlib(compiler_builtins-4a582c3407f4ffac.compiler_builtins.359a4673af8eb3be-cgu.355.rcgu.o):(.eh_frame+0x14)
        80200624         80200624        0     4 .bss
        80200624         80200624        0     1         __bss = .
        80200624         80200624        0     1         __bss_end = .
        80200624         80200624        0     1 . = ALIGN(4)
        80200624         80200624    20000     1 . += 128 * 1024
        80220624         80220624        0     1 __stack_top = .
        80220624         80220624      9dc     1 . = ALIGN(4096)
        80221000         80221000        0     1 __free_ram = .
        80221000         80221000  4000000     1 . += 64 * 1024 * 1024
        84221000         84221000        0     1 __free_ram_end = .
               0                0     1318     1 .debug_abbrev
               0                0      1c3     1         /home/u/develop/rost_riscv/target/riscv64imac-unknown-none-elf/debug/deps/rost_riscv-4c15f3a86dfdbb2c.2f40wl5k9hkvg0zk9at17yl6m.rcgu.o:(.debug_abbrev)
               0                0        0     1                 $d
             1c3              1c3      19d     1         /home/u/develop/rost_riscv/target/riscv64imac-unknown-none-elf/debug/deps/rost_riscv-4c15f3a86dfdbb2c.ejog7uowoolmo8gedcrnjuitm.rcgu.o:(.debug_abbrev)
             1c3              1c3        0     1                 $d
             360              360      2f9     1         /home/u/.rustup/toolchains/nightly-x86_64-unknown-linux-gnu/lib/rustlib/riscv64imac-unknown-none-elf/lib/libcore-9e7c54f03933e946.rlib(core-9e7c54f03933e946.core.d38e516c233c8d20-cgu.0.rcgu.o):(.debug_abbrev)
             360              360        0     1                 $d
             659              659       aa     1         /home/u/.rustup/toolchains/nightly-x86_64-unknown-linux-gnu/lib/rustlib/riscv64imac-unknown-none-elf/lib/libcompiler_builtins-4a582c3407f4ffac.rlib(compiler_builtins-4a582c3407f4ffac.compiler_builtins.359a4673af8eb3be-cgu.178.rcgu.o):(.debug_abbrev)
             659              659        0     1                 $d
             703              703       2e     1         /home/u/.rustup/toolchains/nightly-x86_64-unknown-linux-gnu/lib/rustlib/riscv64imac-unknown-none-elf/lib/libcompiler_builtins-4a582c3407f4ffac.rlib(compiler_builtins-4a582c3407f4ffac.compiler_builtins.359a4673af8eb3be-cgu.186.rcgu.o):(.debug_abbrev)
             703              703        0     1                 $d
             731              731      16c     1         /home/u/.rustup/toolchains/nightly-x86_64-unknown-linux-gnu/lib/rustlib/riscv64imac-unknown-none-elf/lib/libcompiler_builtins-4a582c3407f4ffac.rlib(compiler_builtins-4a582c3407f4ffac.compiler_builtins.359a4673af8eb3be-cgu.000.rcgu.o):(.debug_abbrev)
             731              731        0     1                 $d
             89d              89d       aa     1         /home/u/.rustup/toolchains/nightly-x86_64-unknown-linux-gnu/lib/rustlib/riscv64imac-unknown-none-elf/lib/libcompiler_builtins-4a582c3407f4ffac.rlib(compiler_builtins-4a582c3407f4ffac.compiler_builtins.359a4673af8eb3be-cgu.216.rcgu.o):(.debug_abbrev)
             89d              89d        0     1                 $d
             947              947       2e     1         /home/u/.rustup/toolchains/nightly-x86_64-unknown-linux-gnu/lib/rustlib/riscv64imac-unknown-none-elf/lib/libcompiler_builtins-4a582c3407f4ffac.rlib(compiler_builtins-4a582c3407f4ffac.compiler_builtins.359a4673af8eb3be-cgu.237.rcgu.o):(.debug_abbrev)
             947              947        0     1                 $d
             975              975      132     1         /home/u/.rustup/toolchains/nightly-x86_64-unknown-linux-gnu/lib/rustlib/riscv64imac-unknown-none-elf/lib/libcompiler_builtins-4a582c3407f4ffac.rlib(compiler_builtins-4a582c3407f4ffac.compiler_builtins.359a4673af8eb3be-cgu.006.rcgu.o):(.debug_abbrev)
             975              975        0     1                 $d
             aa7              aa7       7b     1         /home/u/.rustup/toolchains/nightly-x86_64-unknown-linux-gnu/lib/rustlib/riscv64imac-unknown-none-elf/lib/libcompiler_builtins-4a582c3407f4ffac.rlib(compiler_builtins-4a582c3407f4ffac.compiler_builtins.359a4673af8eb3be-cgu.260.rcgu.o):(.debug_abbrev)
             aa7              aa7        0     1                 $d
             b22              b22       ce     1         /home/u/.rustup/toolchains/nightly-x86_64-unknown-linux-gnu/lib/rustlib/riscv64imac-unknown-none-elf/lib/libcompiler_builtins-4a582c3407f4ffac.rlib(compiler_builtins-4a582c3407f4ffac.compiler_builtins.359a4673af8eb3be-cgu.261.rcgu.o):(.debug_abbrev)
             b22              b22        0     1                 $d
             bf0              bf0       2e     1         /home/u/.rustup/toolchains/nightly-x86_64-unknown-linux-gnu/lib/rustlib/riscv64imac-unknown-none-elf/lib/libcompiler_builtins-4a582c3407f4ffac.rlib(compiler_builtins-4a582c3407f4ffac.compiler_builtins.359a4673af8eb3be-cgu.304.rcgu.o):(.debug_abbrev)
             bf0              bf0        0     1                 $d
             c1e              c1e       5f     1         /home/u/.rustup/toolchains/nightly-x86_64-unknown-linux-gnu/lib/rustlib/riscv64imac-unknown-none-elf/lib/libcompiler_builtins-4a582c3407f4ffac.rlib(compiler_builtins-4a582c3407f4ffac.compiler_builtins.359a4673af8eb3be-cgu.316.rcgu.o):(.debug_abbrev)
             c1e              c1e        0     1                 $d
             c7d              c7d      11a     1         /home/u/.rustup/toolchains/nightly-x86_64-unknown-linux-gnu/lib/rustlib/riscv64imac-unknown-none-elf/lib/libcompiler_builtins-4a582c3407f4ffac.rlib(compiler_builtins-4a582c3407f4ffac.compiler_builtins.359a4673af8eb3be-cgu.014.rcgu.o):(.debug_abbrev)
             c7d              c7d        0     1                 $d
             d97              d97       aa     1         /home/u/.rustup/toolchains/nightly-x86_64-unknown-linux-gnu/lib/rustlib/riscv64imac-unknown-none-elf/lib/libcompiler_builtins-4a582c3407f4ffac.rlib(compiler_builtins-4a582c3407f4ffac.compiler_builtins.359a4673af8eb3be-cgu.338.rcgu.o):(.debug_abbrev)
             d97              d97        0     1                 $d
             e41              e41       aa     1         /home/u/.rustup/toolchains/nightly-x86_64-unknown-linux-gnu/lib/rustlib/riscv64imac-unknown-none-elf/lib/libcompiler_builtins-4a582c3407f4ffac.rlib(compiler_builtins-4a582c3407f4ffac.compiler_builtins.359a4673af8eb3be-cgu.339.rcgu.o):(.debug_abbrev)
             e41              e41        0     1                 $d
             eeb              eeb       aa     1         /home/u/.rustup/toolchains/nightly-x86_64-unknown-linux-gnu/lib/rustlib/riscv64imac-unknown-none-elf/lib/libcompiler_builtins-4a582c3407f4ffac.rlib(compiler_builtins-4a582c3407f4ffac.compiler_builtins.359a4673af8eb3be-cgu.353.rcgu.o):(.debug_abbrev)
             eeb              eeb        0     1                 $d
             f95              f95       2e     1         /home/u/.rustup/toolchains/nightly-x86_64-unknown-linux-gnu/lib/rustlib/riscv64imac-unknown-none-elf/lib/libcompiler_builtins-4a582c3407f4ffac.rlib(compiler_builtins-4a582c3407f4ffac.compiler_builtins.359a4673af8eb3be-cgu.354.rcgu.o):(.debug_abbrev)
             f95              f95        0     1                 $d
             fc3              fc3      109     1         /home/u/.rustup/toolchains/nightly-x86_64-unknown-linux-gnu/lib/rustlib/riscv64imac-unknown-none-elf/lib/libcompiler_builtins-4a582c3407f4ffac.rlib(compiler_builtins-4a582c3407f4ffac.compiler_builtins.359a4673af8eb3be-cgu.355.rcgu.o):(.debug_abbrev)
             fc3              fc3        0     1                 $d
            10cc             10cc       aa     1         /home/u/.rustup/toolchains/nightly-x86_64-unknown-linux-gnu/lib/rustlib/riscv64imac-unknown-none-elf/lib/libcompiler_builtins-4a582c3407f4ffac.rlib(compiler_builtins-4a582c3407f4ffac.compiler_builtins.359a4673af8eb3be-cgu.383.rcgu.o):(.debug_abbrev)
            10cc             10cc        0     1                 $d
            1176             1176       bd     1         /home/u/.rustup/toolchains/nightly-x86_64-unknown-linux-gnu/lib/rustlib/riscv64imac-unknown-none-elf/lib/libcompiler_builtins-4a582c3407f4ffac.rlib(compiler_builtins-4a582c3407f4ffac.compiler_builtins.359a4673af8eb3be-cgu.384.rcgu.o):(.debug_abbrev)
            1176             1176        0     1                 $d
            1233             1233       e5     1         /home/u/.rustup/toolchains/nightly-x86_64-unknown-linux-gnu/lib/rustlib/riscv64imac-unknown-none-elf/lib/libcompiler_builtins-4a582c3407f4ffac.rlib(compiler_builtins-4a582c3407f4ffac.compiler_builtins.359a4673af8eb3be-cgu.393.rcgu.o):(.debug_abbrev)
            1233             1233        0     1                 $d
               0                0    281c2     1 .debug_info
               0                0      861     1         /home/u/develop/rost_riscv/target/riscv64imac-unknown-none-elf/debug/deps/rost_riscv-4c15f3a86dfdbb2c.2f40wl5k9hkvg0zk9at17yl6m.rcgu.o:(.debug_info)
               0                0        0     1                 .L0 
               0                0        0     1                 $d
             861              861      789     1         /home/u/develop/rost_riscv/target/riscv64imac-unknown-none-elf/debug/deps/rost_riscv-4c15f3a86dfdbb2c.ejog7uowoolmo8gedcrnjuitm.rcgu.o:(.debug_info)
             861              861        0     1                 .L0 
             861              861        0     1                 $d
             fea              fea    229ed     1         /home/u/.rustup/toolchains/nightly-x86_64-unknown-linux-gnu/lib/rustlib/riscv64imac-unknown-none-elf/lib/libcore-9e7c54f03933e946.rlib(core-9e7c54f03933e946.core.d38e516c233c8d20-cgu.0.rcgu.o):(.debug_info)
             fea              fea        0     1                 .L0 
             fea              fea        0     1                 $d
           239d7            239d7      176     1         /home/u/.rustup/toolchains/nightly-x86_64-unknown-linux-gnu/lib/rustlib/riscv64imac-unknown-none-elf/lib/libcompiler_builtins-4a582c3407f4ffac.rlib(compiler_builtins-4a582c3407f4ffac.compiler_builtins.359a4673af8eb3be-cgu.178.rcgu.o):(.debug_info)
           239d7            239d7        0     1                 .L0 
           239d7            239d7        0     1                 $d
           23b4d            23b4d       59     1         /home/u/.rustup/toolchains/nightly-x86_64-unknown-linux-gnu/lib/rustlib/riscv64imac-unknown-none-elf/lib/libcompiler_builtins-4a582c3407f4ffac.rlib(compiler_builtins-4a582c3407f4ffac.compiler_builtins.359a4673af8eb3be-cgu.186.rcgu.o):(.debug_info)
           23b4d            23b4d        0     1                 .L0 
           23b4d            23b4d        0     1                 $d
           23ba6            23ba6     19d0     1         /home/u/.rustup/toolchains/nightly-x86_64-unknown-linux-gnu/lib/rustlib/riscv64imac-unknown-none-elf/lib/libcompiler_builtins-4a582c3407f4ffac.rlib(compiler_builtins-4a582c3407f4ffac.compiler_builtins.359a4673af8eb3be-cgu.000.rcgu.o):(.debug_info)
           23ba6            23ba6        0     1                 .L0 
           23ba6            23ba6        0     1                 $d
           25576            25576      176     1         /home/u/.rustup/toolchains/nightly-x86_64-unknown-linux-gnu/lib/rustlib/riscv64imac-unknown-none-elf/lib/libcompiler_builtins-4a582c3407f4ffac.rlib(compiler_builtins-4a582c3407f4ffac.compiler_builtins.359a4673af8eb3be-cgu.216.rcgu.o):(.debug_info)
           25576            25576        0     1                 .L0 
           25576            25576        0     1                 $d
           256ec            256ec       59     1         /home/u/.rustup/toolchains/nightly-x86_64-unknown-linux-gnu/lib/rustlib/riscv64imac-unknown-none-elf/lib/libcompiler_builtins-4a582c3407f4ffac.rlib(compiler_builtins-4a582c3407f4ffac.compiler_builtins.359a4673af8eb3be-cgu.237.rcgu.o):(.debug_info)
           256ec            256ec        0     1                 .L0 
           256ec            256ec        0     1                 $d
           25745            25745     113a     1         /home/u/.rustup/toolchains/nightly-x86_64-unknown-linux-gnu/lib/rustlib/riscv64imac-unknown-none-elf/lib/libcompiler_builtins-4a582c3407f4ffac.rlib(compiler_builtins-4a582c3407f4ffac.compiler_builtins.359a4673af8eb3be-cgu.006.rcgu.o):(.debug_info)
           25745            25745        0     1                 .L0 
           25745            25745        0     1                 $d
           2687f            2687f       b9     1         /home/u/.rustup/toolchains/nightly-x86_64-unknown-linux-gnu/lib/rustlib/riscv64imac-unknown-none-elf/lib/libcompiler_builtins-4a582c3407f4ffac.rlib(compiler_builtins-4a582c3407f4ffac.compiler_builtins.359a4673af8eb3be-cgu.260.rcgu.o):(.debug_info)
           2687f            2687f        0     1                 .L0 
           2687f            2687f        0     1                 $d
           26938            26938      2a7     1         /home/u/.rustup/toolchains/nightly-x86_64-unknown-linux-gnu/lib/rustlib/riscv64imac-unknown-none-elf/lib/libcompiler_builtins-4a582c3407f4ffac.rlib(compiler_builtins-4a582c3407f4ffac.compiler_builtins.359a4673af8eb3be-cgu.261.rcgu.o):(.debug_info)
           26938            26938        0     1                 .L0 
           26938            26938        0     1                 $d
           26bdf            26bdf       59     1         /home/u/.rustup/toolchains/nightly-x86_64-unknown-linux-gnu/lib/rustlib/riscv64imac-unknown-none-elf/lib/libcompiler_builtins-4a582c3407f4ffac.rlib(compiler_builtins-4a582c3407f4ffac.compiler_builtins.359a4673af8eb3be-cgu.304.rcgu.o):(.debug_info)
           26bdf            26bdf        0     1                 .L0 
           26bdf            26bdf        0     1                 $d
           26c38            26c38       ad     1         /home/u/.rustup/toolchains/nightly-x86_64-unknown-linux-gnu/lib/rustlib/riscv64imac-unknown-none-elf/lib/libcompiler_builtins-4a582c3407f4ffac.rlib(compiler_builtins-4a582c3407f4ffac.compiler_builtins.359a4673af8eb3be-cgu.316.rcgu.o):(.debug_info)
           26c38            26c38        0     1                 .L0 
           26c38            26c38        0     1                 $d
           26ce5            26ce5      56d     1         /home/u/.rustup/toolchains/nightly-x86_64-unknown-linux-gnu/lib/rustlib/riscv64imac-unknown-none-elf/lib/libcompiler_builtins-4a582c3407f4ffac.rlib(compiler_builtins-4a582c3407f4ffac.compiler_builtins.359a4673af8eb3be-cgu.014.rcgu.o):(.debug_info)
           26ce5            26ce5        0     1                 .L0 
           26ce5            26ce5        0     1                 $d
           27252            27252      176     1         /home/u/.rustup/toolchains/nightly-x86_64-unknown-linux-gnu/lib/rustlib/riscv64imac-unknown-none-elf/lib/libcompiler_builtins-4a582c3407f4ffac.rlib(compiler_builtins-4a582c3407f4ffac.compiler_builtins.359a4673af8eb3be-cgu.338.rcgu.o):(.debug_info)
           27252            27252        0     1                 .L0 
           27252            27252        0     1                 $d
           273c8            273c8      176     1         /home/u/.rustup/toolchains/nightly-x86_64-unknown-linux-gnu/lib/rustlib/riscv64imac-unknown-none-elf/lib/libcompiler_builtins-4a582c3407f4ffac.rlib(compiler_builtins-4a582c3407f4ffac.compiler_builtins.359a4673af8eb3be-cgu.339.rcgu.o):(.debug_info)
           273c8            273c8        0     1                 .L0 
           273c8            273c8        0     1                 $d
           2753e            2753e      176     1         /home/u/.rustup/toolchains/nightly-x86_64-unknown-linux-gnu/lib/rustlib/riscv64imac-unknown-none-elf/lib/libcompiler_builtins-4a582c3407f4ffac.rlib(compiler_builtins-4a582c3407f4ffac.compiler_builtins.359a4673af8eb3be-cgu.353.rcgu.o):(.debug_info)
           2753e            2753e        0     1                 .L0 
           2753e            2753e        0     1                 $d
           276b4            276b4       59     1         /home/u/.rustup/toolchains/nightly-x86_64-unknown-linux-gnu/lib/rustlib/riscv64imac-unknown-none-elf/lib/libcompiler_builtins-4a582c3407f4ffac.rlib(compiler_builtins-4a582c3407f4ffac.compiler_builtins.359a4673af8eb3be-cgu.354.rcgu.o):(.debug_info)
           276b4            276b4        0     1                 .L0 
           276b4            276b4        0     1                 $d
           2770d            2770d      2e4     1         /home/u/.rustup/toolchains/nightly-x86_64-unknown-linux-gnu/lib/rustlib/riscv64imac-unknown-none-elf/lib/libcompiler_builtins-4a582c3407f4ffac.rlib(compiler_builtins-4a582c3407f4ffac.compiler_builtins.359a4673af8eb3be-cgu.355.rcgu.o):(.debug_info)
           2770d            2770d        0     1                 .L0 
           2770d            2770d        0     1                 $d
           279f1            279f1      176     1         /home/u/.rustup/toolchains/nightly-x86_64-unknown-linux-gnu/lib/rustlib/riscv64imac-unknown-none-elf/lib/libcompiler_builtins-4a582c3407f4ffac.rlib(compiler_builtins-4a582c3407f4ffac.compiler_builtins.359a4673af8eb3be-cgu.383.rcgu.o):(.debug_info)
           279f1            279f1        0     1                 .L0 
           279f1            279f1        0     1                 $d
           27b67            27b67      247     1         /home/u/.rustup/toolchains/nightly-x86_64-unknown-linux-gnu/lib/rustlib/riscv64imac-unknown-none-elf/lib/libcompiler_builtins-4a582c3407f4ffac.rlib(compiler_builtins-4a582c3407f4ffac.compiler_builtins.359a4673af8eb3be-cgu.384.rcgu.o):(.debug_info)
           27b67            27b67        0     1                 .L0 
           27b67            27b67        0     1                 $d
           27dae            27dae      414     1         /home/u/.rustup/toolchains/nightly-x86_64-unknown-linux-gnu/lib/rustlib/riscv64imac-unknown-none-elf/lib/libcompiler_builtins-4a582c3407f4ffac.rlib(compiler_builtins-4a582c3407f4ffac.compiler_builtins.359a4673af8eb3be-cgu.393.rcgu.o):(.debug_info)
           27dae            27dae        0     1                 .L0 
           27dae            27dae        0     1                 $d
               0                0     23d0     1 .debug_aranges
               0                0       30     1         /home/u/develop/rost_riscv/target/riscv64imac-unknown-none-elf/debug/deps/rost_riscv-4c15f3a86dfdbb2c.2f40wl5k9hkvg0zk9at17yl6m.rcgu.o:(.debug_aranges)
               0                0        0     1                 $d
              30               30       50     1         /home/u/develop/rost_riscv/target/riscv64imac-unknown-none-elf/debug/deps/rost_riscv-4c15f3a86dfdbb2c.ejog7uowoolmo8gedcrnjuitm.rcgu.o:(.debug_aranges)
              30               30        0     1                 $d
              80               80     1f60     1         /home/u/.rustup/toolchains/nightly-x86_64-unknown-linux-gnu/lib/rustlib/riscv64imac-unknown-none-elf/lib/libcore-9e7c54f03933e946.rlib(core-9e7c54f03933e946.core.d38e516c233c8d20-cgu.0.rcgu.o):(.debug_aranges)
              80               80        0     1                 $d
            1fe0             1fe0       30     1         /home/u/.rustup/toolchains/nightly-x86_64-unknown-linux-gnu/lib/rustlib/riscv64imac-unknown-none-elf/lib/libcompiler_builtins-4a582c3407f4ffac.rlib(compiler_builtins-4a582c3407f4ffac.compiler_builtins.359a4673af8eb3be-cgu.178.rcgu.o):(.debug_aranges)
            1fe0             1fe0        0     1                 $d
            2010             2010       30     1         /home/u/.rustup/toolchains/nightly-x86_64-unknown-linux-gnu/lib/rustlib/riscv64imac-unknown-none-elf/lib/libcompiler_builtins-4a582c3407f4ffac.rlib(compiler_builtins-4a582c3407f4ffac.compiler_builtins.359a4673af8eb3be-cgu.186.rcgu.o):(.debug_aranges)
            2010             2010        0     1                 $d
            2040             2040       50     1         /home/u/.rustup/toolchains/nightly-x86_64-unknown-linux-gnu/lib/rustlib/riscv64imac-unknown-none-elf/lib/libcompiler_builtins-4a582c3407f4ffac.rlib(compiler_builtins-4a582c3407f4ffac.compiler_builtins.359a4673af8eb3be-cgu.000.rcgu.o):(.debug_aranges)
            2040             2040        0     1                 $d
            2090             2090       30     1         /home/u/.rustup/toolchains/nightly-x86_64-unknown-linux-gnu/lib/rustlib/riscv64imac-unknown-none-elf/lib/libcompiler_builtins-4a582c3407f4ffac.rlib(compiler_builtins-4a582c3407f4ffac.compiler_builtins.359a4673af8eb3be-cgu.216.rcgu.o):(.debug_aranges)
            2090             2090        0     1                 $d
            20c0             20c0       30     1         /home/u/.rustup/toolchains/nightly-x86_64-unknown-linux-gnu/lib/rustlib/riscv64imac-unknown-none-elf/lib/libcompiler_builtins-4a582c3407f4ffac.rlib(compiler_builtins-4a582c3407f4ffac.compiler_builtins.359a4673af8eb3be-cgu.237.rcgu.o):(.debug_aranges)
            20c0             20c0        0     1                 $d
            20f0             20f0       50     1         /home/u/.rustup/toolchains/nightly-x86_64-unknown-linux-gnu/lib/rustlib/riscv64imac-unknown-none-elf/lib/libcompiler_builtins-4a582c3407f4ffac.rlib(compiler_builtins-4a582c3407f4ffac.compiler_builtins.359a4673af8eb3be-cgu.006.rcgu.o):(.debug_aranges)
            20f0             20f0        0     1                 $d
            2140             2140       30     1         /home/u/.rustup/toolchains/nightly-x86_64-unknown-linux-gnu/lib/rustlib/riscv64imac-unknown-none-elf/lib/libcompiler_builtins-4a582c3407f4ffac.rlib(compiler_builtins-4a582c3407f4ffac.compiler_builtins.359a4673af8eb3be-cgu.260.rcgu.o):(.debug_aranges)
            2140             2140        0     1                 $d
            2170             2170       30     1         /home/u/.rustup/toolchains/nightly-x86_64-unknown-linux-gnu/lib/rustlib/riscv64imac-unknown-none-elf/lib/libcompiler_builtins-4a582c3407f4ffac.rlib(compiler_builtins-4a582c3407f4ffac.compiler_builtins.359a4673af8eb3be-cgu.261.rcgu.o):(.debug_aranges)
            2170             2170        0     1                 $d
            21a0             21a0       30     1         /home/u/.rustup/toolchains/nightly-x86_64-unknown-linux-gnu/lib/rustlib/riscv64imac-unknown-none-elf/lib/libcompiler_builtins-4a582c3407f4ffac.rlib(compiler_builtins-4a582c3407f4ffac.compiler_builtins.359a4673af8eb3be-cgu.304.rcgu.o):(.debug_aranges)
            21a0             21a0        0     1                 $d
            21d0             21d0       30     1         /home/u/.rustup/toolchains/nightly-x86_64-unknown-linux-gnu/lib/rustlib/riscv64imac-unknown-none-elf/lib/libcompiler_builtins-4a582c3407f4ffac.rlib(compiler_builtins-4a582c3407f4ffac.compiler_builtins.359a4673af8eb3be-cgu.316.rcgu.o):(.debug_aranges)
            21d0             21d0        0     1                 $d
            2200             2200       50     1         /home/u/.rustup/toolchains/nightly-x86_64-unknown-linux-gnu/lib/rustlib/riscv64imac-unknown-none-elf/lib/libcompiler_builtins-4a582c3407f4ffac.rlib(compiler_builtins-4a582c3407f4ffac.compiler_builtins.359a4673af8eb3be-cgu.014.rcgu.o):(.debug_aranges)
            2200             2200        0     1                 $d
            2250             2250       30     1         /home/u/.rustup/toolchains/nightly-x86_64-unknown-linux-gnu/lib/rustlib/riscv64imac-unknown-none-elf/lib/libcompiler_builtins-4a582c3407f4ffac.rlib(compiler_builtins-4a582c3407f4ffac.compiler_builtins.359a4673af8eb3be-cgu.338.rcgu.o):(.debug_aranges)
            2250             2250        0     1                 $d
            2280             2280       30     1         /home/u/.rustup/toolchains/nightly-x86_64-unknown-linux-gnu/lib/rustlib/riscv64imac-unknown-none-elf/lib/libcompiler_builtins-4a582c3407f4ffac.rlib(compiler_builtins-4a582c3407f4ffac.compiler_builtins.359a4673af8eb3be-cgu.339.rcgu.o):(.debug_aranges)
            2280             2280        0     1                 $d
            22b0             22b0       30     1         /home/u/.rustup/toolchains/nightly-x86_64-unknown-linux-gnu/lib/rustlib/riscv64imac-unknown-none-elf/lib/libcompiler_builtins-4a582c3407f4ffac.rlib(compiler_builtins-4a582c3407f4ffac.compiler_builtins.359a4673af8eb3be-cgu.353.rcgu.o):(.debug_aranges)
            22b0             22b0        0     1                 $d
            22e0             22e0       30     1         /home/u/.rustup/toolchains/nightly-x86_64-unknown-linux-gnu/lib/rustlib/riscv64imac-unknown-none-elf/lib/libcompiler_builtins-4a582c3407f4ffac.rlib(compiler_builtins-4a582c3407f4ffac.compiler_builtins.359a4673af8eb3be-cgu.354.rcgu.o):(.debug_aranges)
            22e0             22e0        0     1                 $d
            2310             2310       30     1         /home/u/.rustup/toolchains/nightly-x86_64-unknown-linux-gnu/lib/rustlib/riscv64imac-unknown-none-elf/lib/libcompiler_builtins-4a582c3407f4ffac.rlib(compiler_builtins-4a582c3407f4ffac.compiler_builtins.359a4673af8eb3be-cgu.355.rcgu.o):(.debug_aranges)
            2310             2310        0     1                 $d
            2340             2340       30     1         /home/u/.rustup/toolchains/nightly-x86_64-unknown-linux-gnu/lib/rustlib/riscv64imac-unknown-none-elf/lib/libcompiler_builtins-4a582c3407f4ffac.rlib(compiler_builtins-4a582c3407f4ffac.compiler_builtins.359a4673af8eb3be-cgu.383.rcgu.o):(.debug_aranges)
            2340             2340        0     1                 $d
            2370             2370       30     1         /home/u/.rustup/toolchains/nightly-x86_64-unknown-linux-gnu/lib/rustlib/riscv64imac-unknown-none-elf/lib/libcompiler_builtins-4a582c3407f4ffac.rlib(compiler_builtins-4a582c3407f4ffac.compiler_builtins.359a4673af8eb3be-cgu.384.rcgu.o):(.debug_aranges)
            2370             2370        0     1                 $d
            23a0             23a0       30     1         /home/u/.rustup/toolchains/nightly-x86_64-unknown-linux-gnu/lib/rustlib/riscv64imac-unknown-none-elf/lib/libcompiler_builtins-4a582c3407f4ffac.rlib(compiler_builtins-4a582c3407f4ffac.compiler_builtins.359a4673af8eb3be-cgu.393.rcgu.o):(.debug_aranges)
            23a0             23a0        0     1                 $d
               0                0    171b0     1 .debug_ranges
               0                0       60     1         /home/u/develop/rost_riscv/target/riscv64imac-unknown-none-elf/debug/deps/rost_riscv-4c15f3a86dfdbb2c.2f40wl5k9hkvg0zk9at17yl6m.rcgu.o:(.debug_ranges)
               0                0        0     1                 .L0 
               0                0        0     1                 $d
              30               30        0     1                 .L0 
              60               60       70     1         /home/u/develop/rost_riscv/target/riscv64imac-unknown-none-elf/debug/deps/rost_riscv-4c15f3a86dfdbb2c.ejog7uowoolmo8gedcrnjuitm.rcgu.o:(.debug_ranges)
              60               60        0     1                 .L0 
              60               60        0     1                 $d
              90               90        0     1                 .L0 
              d0               d0    15670     1         /home/u/.rustup/toolchains/nightly-x86_64-unknown-linux-gnu/lib/rustlib/riscv64imac-unknown-none-elf/lib/libcore-9e7c54f03933e946.rlib(core-9e7c54f03933e946.core.d38e516c233c8d20-cgu.0.rcgu.o):(.debug_ranges)
              d0               d0        0     1                 .L0 
              d0               d0        0     1                 $d
             110              110        0     1                 .L0 
             140              140        0     1                 .L0 
             180              180        0     1                 .L0 
             1c0              1c0        0     1                 .L0 
             1f0              1f0        0     1                 .L0 
             250              250        0     1                 .L0 
             280              280        0     1                 .L0 
             2b0              2b0        0     1                 .L0 
             300              300        0     1                 .L0 
             330              330        0     1                 .L0 
             370              370        0     1                 .L0 
             3a0              3a0        0     1                 .L0 
             3d0              3d0        0     1                 .L0 
             400              400        0     1                 .L0 
             430              430        0     1                 .L0 
             460              460        0     1                 .L0 
             490              490        0     1                 .L0 
             4c0              4c0        0     1                 .L0 
             510              510        0     1                 .L0 
             540              540        0     1                 .L0 
             570              570        0     1                 .L0 
             5a0              5a0        0     1                 .L0 
             5d0              5d0        0     1                 .L0 
             600              600        0     1                 .L0 
             630              630        0     1                 .L0 
             670              670        0     1                 .L0 
             6a0              6a0        0     1                 .L0 
             6d0              6d0        0     1                 .L0 
             710              710        0     1                 .L0 
             750              750        0     1                 .L0 
             780              780        0     1                 .L0 
             7b0              7b0        0     1                 .L0 
             7e0              7e0        0     1                 .L0 
             810              810        0     1                 .L0 
             840              840        0     1                 .L0 
             880              880        0     1                 .L0 
             8b0              8b0        0     1                 .L0 
             8f0              8f0        0     1                 .L0 
             920              920        0     1                 .L0 
             960              960        0     1                 .L0 
             990              990        0     1                 .L0 
             9d0              9d0        0     1                 .L0 
             a00              a00        0     1                 .L0 
             a40              a40        0     1                 .L0 
             a70              a70        0     1                 .L0 
             ab0              ab0        0     1                 .L0 
             ae0              ae0        0     1                 .L0 
             b60              b60        0     1                 .L0 
             bb0              bb0        0     1                 .L0 
             be0              be0        0     1                 .L0 
             c40              c40        0     1                 .L0 
             c70              c70        0     1                 .L0 
             cb0              cb0        0     1                 .L0 
             cf0              cf0        0     1                 .L0 
             d40              d40        0     1                 .L0 
             d70              d70        0     1                 .L0 
             da0              da0        0     1                 .L0 
             de0              de0        0     1                 .L0 
             e20              e20        0     1                 .L0 
             e50              e50        0     1                 .L0 
             ea0              ea0        0     1                 .L0 
             ed0              ed0        0     1                 .L0 
             f10              f10        0     1                 .L0 
             f40              f40        0     1                 .L0 
             f70              f70        0     1                 .L0 
             fb0              fb0        0     1                 .L0 
             fe0              fe0        0     1                 .L0 
            1030             1030        0     1                 .L0 
            1080             1080        0     1                 .L0 
            10c0             10c0        0     1                 .L0 
            10f0             10f0        0     1                 .L0 
            1120             1120        0     1                 .L0 
            1150             1150        0     1                 .L0 
            1190             1190        0     1                 .L0 
            11d0             11d0        0     1                 .L0 
            1220             1220        0     1                 .L0 
            1260             1260        0     1                 .L0 
            1290             1290        0     1                 .L0 
            12c0             12c0        0     1                 .L0 
            12f0             12f0        0     1                 .L0 
            1330             1330        0     1                 .L0 
            1370             1370        0     1                 .L0 
            13c0             13c0        0     1                 .L0 
            1400             1400        0     1                 .L0 
            1430             1430        0     1                 .L0 
            1460             1460        0     1                 .L0 
            1490             1490        0     1                 .L0 
            14d0             14d0        0     1                 .L0 
            1510             1510        0     1                 .L0 
            1560             1560        0     1                 .L0 
            15a0             15a0        0     1                 .L0 
            15d0             15d0        0     1                 .L0 
            1600             1600        0     1                 .L0 
            1630             1630        0     1                 .L0 
            1670             1670        0     1                 .L0 
            16b0             16b0        0     1                 .L0 
            1700             1700        0     1                 .L0 
            1730             1730        0     1                 .L0 
            1760             1760        0     1                 .L0 
            17b0             17b0        0     1                 .L0 
            17e0             17e0        0     1                 .L0 
            1820             1820        0     1                 .L0 
            1860             1860        0     1                 .L0 
            18a0             18a0        0     1                 .L0 
            18d0             18d0        0     1                 .L0 
            1900             1900        0     1                 .L0 
            1940             1940        0     1                 .L0 
            1980             1980        0     1                 .L0 
            19b0             19b0        0     1                 .L0 
            19f0             19f0        0     1                 .L0 
            1a40             1a40        0     1                 .L0 
            1a70             1a70        0     1                 .L0 
            1aa0             1aa0        0     1                 .L0 
            1ae0             1ae0        0     1                 .L0 
            1b10             1b10        0     1                 .L0 
            1b40             1b40        0     1                 .L0 
            1b70             1b70        0     1                 .L0 
            1ba0             1ba0        0     1                 .L0 
            1c00             1c00        0     1                 .L0 
            1c40             1c40        0     1                 .L0 
            1c80             1c80        0     1                 .L0 
            1cc0             1cc0        0     1                 .L0 
            1d00             1d00        0     1                 .L0 
            1d40             1d40        0     1                 .L0 
            1d70             1d70        0     1                 .L0 
            1db0             1db0        0     1                 .L0 
            1de0             1de0        0     1                 .L0 
            1e10             1e10        0     1                 .L0 
            1e50             1e50        0     1                 .L0 
            1e80             1e80        0     1                 .L0 
            1ec0             1ec0        0     1                 .L0 
            1f10             1f10        0     1                 .L0 
            1f40             1f40        0     1                 .L0 
            1f70             1f70        0     1                 .L0 
            1fb0             1fb0        0     1                 .L0 
            1ff0             1ff0        0     1                 .L0 
            2030             2030        0     1                 .L0 
            2060             2060        0     1                 .L0 
            2090             2090        0     1                 .L0 
            20c0             20c0        0     1                 .L0 
            2110             2110        0     1                 .L0 
            2150             2150        0     1                 .L0 
            2180             2180        0     1                 .L0 
            21b0             21b0        0     1                 .L0 
            21f0             21f0        0     1                 .L0 
            2220             2220        0     1                 .L0 
            2250             2250        0     1                 .L0 
            2290             2290        0     1                 .L0 
            22d0             22d0        0     1                 .L0 
            2320             2320        0     1                 .L0 
            2360             2360        0     1                 .L0 
            2390             2390        0     1                 .L0 
            23c0             23c0        0     1                 .L0 
            23f0             23f0        0     1                 .L0 
            2430             2430        0     1                 .L0 
            2470             2470        0     1                 .L0 
            24b0             24b0        0     1                 .L0 
            24e0             24e0        0     1                 .L0 
            2510             2510        0     1                 .L0 
            2540             2540        0     1                 .L0 
            2580             2580        0     1                 .L0 
            25c0             25c0        0     1                 .L0 
            2600             2600        0     1                 .L0 
            2630             2630        0     1                 .L0 
            2660             2660        0     1                 .L0 
            2690             2690        0     1                 .L0 
            26d0             26d0        0     1                 .L0 
            2710             2710        0     1                 .L0 
            2750             2750        0     1                 .L0 
            2780             2780        0     1                 .L0 
            27c0             27c0        0     1                 .L0 
            27f0             27f0        0     1                 .L0 
            2820             2820        0     1                 .L0 
            2860             2860        0     1                 .L0 
            2890             2890        0     1                 .L0 
            28c0             28c0        0     1                 .L0 
            2910             2910        0     1                 .L0 
            2950             2950        0     1                 .L0 
            2990             2990        0     1                 .L0 
            29c0             29c0        0     1                 .L0 
            2a00             2a00        0     1                 .L0 
            2a30             2a30        0     1                 .L0 
            2a60             2a60        0     1                 .L0 
            2a90             2a90        0     1                 .L0 
            2ac0             2ac0        0     1                 .L0 
            2af0             2af0        0     1                 .L0 
            2b20             2b20        0     1                 .L0 
            2b50             2b50        0     1                 .L0 
            2b80             2b80        0     1                 .L0 
            2bc0             2bc0        0     1                 .L0 
            2bf0             2bf0        0     1                 .L0 
            2c20             2c20        0     1                 .L0 
            2c60             2c60        0     1                 .L0 
            2ca0             2ca0        0     1                 .L0 
            2d00             2d00        0     1                 .L0 
            2dd0             2dd0        0     1                 .L0 
            2ea0             2ea0        0     1                 .L0 
            2f50             2f50        0     1                 .L0 
            2f90             2f90        0     1                 .L0 
            2fc0             2fc0        0     1                 .L0 
            2ff0             2ff0        0     1                 .L0 
            3020             3020        0     1                 .L0 
            3070             3070        0     1                 .L0 
            30d0             30d0        0     1                 .L0 
            3100             3100        0     1                 .L0 
            3170             3170        0     1                 .L0 
            31a0             31a0        0     1                 .L0 
            31d0             31d0        0     1                 .L0 
            3200             3200        0     1                 .L0 
            3230             3230        0     1                 .L0 
            3260             3260        0     1                 .L0 
            3290             3290        0     1                 .L0 
            32c0             32c0        0     1                 .L0 
            3320             3320        0     1                 .L0 
            3360             3360        0     1                 .L0 
            3390             3390        0     1                 .L0 
            33c0             33c0        0     1                 .L0 
            33f0             33f0        0     1                 .L0 
            3420             3420        0     1                 .L0 
            3450             3450        0     1                 .L0 
            3480             3480        0     1                 .L0 
            34c0             34c0        0     1                 .L0 
            34f0             34f0        0     1                 .L0 
            3530             3530        0     1                 .L0 
            3570             3570        0     1                 .L0 
            35a0             35a0        0     1                 .L0 
            35e0             35e0        0     1                 .L0 
            3610             3610        0     1                 .L0 
            3640             3640        0     1                 .L0 
            3680             3680        0     1                 .L0 
            36b0             36b0        0     1                 .L0 
            36e0             36e0        0     1                 .L0 
            3710             3710        0     1                 .L0 
            3740             3740        0     1                 .L0 
            3770             3770        0     1                 .L0 
            37a0             37a0        0     1                 .L0 
            37e0             37e0        0     1                 .L0 
            3820             3820        0     1                 .L0 
            3850             3850        0     1                 .L0 
            3880             3880        0     1                 .L0 
            38e0             38e0        0     1                 .L0 
            3910             3910        0     1                 .L0 
            3950             3950        0     1                 .L0 
            3980             3980        0     1                 .L0 
            39b0             39b0        0     1                 .L0 
            39e0             39e0        0     1                 .L0 
            3a10             3a10        0     1                 .L0 
            3a40             3a40        0     1                 .L0 
            3a70             3a70        0     1                 .L0 
            3ab0             3ab0        0     1                 .L0 
            3ae0             3ae0        0     1                 .L0 
            3b20             3b20        0     1                 .L0 
            3b50             3b50        0     1                 .L0 
            3b80             3b80        0     1                 .L0 
            3bb0             3bb0        0     1                 .L0 
            3be0             3be0        0     1                 .L0 
            3c10             3c10        0     1                 .L0 
            3c60             3c60        0     1                 .L0 
            3cb0             3cb0        0     1                 .L0 
            3cf0             3cf0        0     1                 .L0 
            3d20             3d20        0     1                 .L0 
            3d50             3d50        0     1                 .L0 
            3d90             3d90        0     1                 .L0 
            3dc0             3dc0        0     1                 .L0 
            3df0             3df0        0     1                 .L0 
            3e20             3e20        0     1                 .L0 
            3e50             3e50        0     1                 .L0 
            3e80             3e80        0     1                 .L0 
            3eb0             3eb0        0     1                 .L0 
            3ee0             3ee0        0     1                 .L0 
            3f10             3f10        0     1                 .L0 
            3f50             3f50        0     1                 .L0 
            3f80             3f80        0     1                 .L0 
            3fb0             3fb0        0     1                 .L0 
            3fe0             3fe0        0     1                 .L0 
            4010             4010        0     1                 .L0 
            4040             4040        0     1                 .L0 
            4070             4070        0     1                 .L0 
            40b0             40b0        0     1                 .L0 
            40e0             40e0        0     1                 .L0 
            4120             4120        0     1                 .L0 
            4150             4150        0     1                 .L0 
            4180             4180        0     1                 .L0 
            41b0             41b0        0     1                 .L0 
            41e0             41e0        0     1                 .L0 
            4210             4210        0     1                 .L0 
            4240             4240        0     1                 .L0 
            4270             4270        0     1                 .L0 
            42a0             42a0        0     1                 .L0 
            42d0             42d0        0     1                 .L0 
            4300             4300        0     1                 .L0 
            4330             4330        0     1                 .L0 
            4360             4360        0     1                 .L0 
            43c0             43c0        0     1                 .L0 
            4400             4400        0     1                 .L0 
            4440             4440        0     1                 .L0 
            4480             4480        0     1                 .L0 
            44c0             44c0        0     1                 .L0 
            4500             4500        0     1                 .L0 
            4580             4580        0     1                 .L0 
            4600             4600        0     1                 .L0 
            46f0             46f0        0     1                 .L0 
            4770             4770        0     1                 .L0 
            47f0             47f0        0     1                 .L0 
            4820             4820        0     1                 .L0 
            4850             4850        0     1                 .L0 
            48b0             48b0        0     1                 .L0 
            48f0             48f0        0     1                 .L0 
            4920             4920        0     1                 .L0 
            4950             4950        0     1                 .L0 
            4980             4980        0     1                 .L0 
            49b0             49b0        0     1                 .L0 
            4a20             4a20        0     1                 .L0 
            4a90             4a90        0     1                 .L0 
            4b10             4b10        0     1                 .L0 
            4b60             4b60        0     1                 .L0 
            4ba0             4ba0        0     1                 .L0 
            4c00             4c00        0     1                 .L0 
            4c30             4c30        0     1                 .L0 
            4c60             4c60        0     1                 .L0 
            4cc0             4cc0        0     1                 .L0 
            4d30             4d30        0     1                 .L0 
            4db0             4db0        0     1                 .L0 
            4e00             4e00        0     1                 .L0 
            4e50             4e50        0     1                 .L0 
            4eb0             4eb0        0     1                 .L0 
            4ee0             4ee0        0     1                 .L0 
            4f30             4f30        0     1                 .L0 
            4f60             4f60        0     1                 .L0 
            4fb0             4fb0        0     1                 .L0 
            4fe0             4fe0        0     1                 .L0 
            5030             5030        0     1                 .L0 
            5060             5060        0     1                 .L0 
            5090             5090        0     1                 .L0 
            50c0             50c0        0     1                 .L0 
            5110             5110        0     1                 .L0 
            5180             5180        0     1                 .L0 
            51d0             51d0        0     1                 .L0 
            5200             5200        0     1                 .L0 
            5250             5250        0     1                 .L0 
            5350             5350        0     1                 .L0 
            54e0             54e0        0     1                 .L0 
            5640             5640        0     1                 .L0 
            5710             5710        0     1                 .L0 
            57e0             57e0        0     1                 .L0 
            5880             5880        0     1                 .L0 
            58f0             58f0        0     1                 .L0 
            5930             5930        0     1                 .L0 
            5960             5960        0     1                 .L0 
            59a0             59a0        0     1                 .L0 
            59d0             59d0        0     1                 .L0 
            5a00             5a00        0     1                 .L0 
            5a30             5a30        0     1                 .L0 
            5a60             5a60        0     1                 .L0 
            5aa0             5aa0        0     1                 .L0 
            5ad0             5ad0        0     1                 .L0 
            5b20             5b20        0     1                 .L0 
            5b80             5b80        0     1                 .L0 
            5c00             5c00        0     1                 .L0 
            5c30             5c30        0     1                 .L0 
            5c60             5c60        0     1                 .L0 
            5c90             5c90        0     1                 .L0 
            5cd0             5cd0        0     1                 .L0 
            5d00             5d00        0     1                 .L0 
            5d30             5d30        0     1                 .L0 
            5d60             5d60        0     1                 .L0 
            5d90             5d90        0     1                 .L0 
            5dd0             5dd0        0     1                 .L0 
            5e00             5e00        0     1                 .L0 
            5e30             5e30        0     1                 .L0 
            5e60             5e60        0     1                 .L0 
            5ea0             5ea0        0     1                 .L0 
            5ee0             5ee0        0     1                 .L0 
            5f10             5f10        0     1                 .L0 
            5f50             5f50        0     1                 .L0 
            5f80             5f80        0     1                 .L0 
            5fb0             5fb0        0     1                 .L0 
            5fe0             5fe0        0     1                 .L0 
            6010             6010        0     1                 .L0 
            6040             6040        0     1                 .L0 
            6070             6070        0     1                 .L0 
            60a0             60a0        0     1                 .L0 
            60d0             60d0        0     1                 .L0 
            6100             6100        0     1                 .L0 
            6150             6150        0     1                 .L0 
            6180             6180        0     1                 .L0 
            61b0             61b0        0     1                 .L0 
            61f0             61f0        0     1                 .L0 
            6240             6240        0     1                 .L0 
            6270             6270        0     1                 .L0 
            62a0             62a0        0     1                 .L0 
            62e0             62e0        0     1                 .L0 
            6310             6310        0     1                 .L0 
            6340             6340        0     1                 .L0 
            6380             6380        0     1                 .L0 
            63b0             63b0        0     1                 .L0 
            63e0             63e0        0     1                 .L0 
            6410             6410        0     1                 .L0 
            6460             6460        0     1                 .L0 
            6490             6490        0     1                 .L0 
            64c0             64c0        0     1                 .L0 
            6510             6510        0     1                 .L0 
            6540             6540        0     1                 .L0 
            6570             6570        0     1                 .L0 
            65a0             65a0        0     1                 .L0 
            65d0             65d0        0     1                 .L0 
            6600             6600        0     1                 .L0 
            6640             6640        0     1                 .L0 
            6670             6670        0     1                 .L0 
            66a0             66a0        0     1                 .L0 
            66d0             66d0        0     1                 .L0 
            6720             6720        0     1                 .L0 
            6760             6760        0     1                 .L0 
            6790             6790        0     1                 .L0 
            67c0             67c0        0     1                 .L0 
            67f0             67f0        0     1                 .L0 
            6830             6830        0     1                 .L0 
            6860             6860        0     1                 .L0 
            6890             6890        0     1                 .L0 
            68c0             68c0        0     1                 .L0 
            68f0             68f0        0     1                 .L0 
            6920             6920        0     1                 .L0 
            6950             6950        0     1                 .L0 
            6980             6980        0     1                 .L0 
            69b0             69b0        0     1                 .L0 
            6a10             6a10        0     1                 .L0 
            6a40             6a40        0     1                 .L0 
            6a70             6a70        0     1                 .L0 
            6aa0             6aa0        0     1                 .L0 
[...]
           16840            16840        0     1                 .L0 
           16870            16870        0     1                 .L0 
           168a0            168a0        0     1                 .L0 
           16930            16930        0     1                 .L0 
           16960            16960        0     1                 .L0 
           16990            16990        0     1                 .L0 
           169c0            169c0        0     1                 .L0 
           169f0            169f0        0     1                 .L0 
           16a20            16a20        0     1                 .L0 
           16a50            16a50        0     1                 .L0 
           16a80            16a80        0     1                 .L0 
           16b00            16b00        0     1                 .L0 
           16b30            16b30        0     1                 .L0 
           16b60            16b60        0     1                 .L0 
           16b90            16b90        0     1                 .L0 
           16bc0            16bc0        0     1                 .L0 
           16bf0            16bf0        0     1                 .L0 
           16c20            16c20        0     1                 .L0 
           16c50            16c50        0     1                 .L0 
           16c90            16c90       30     1         /home/u/.rustup/toolchains/nightly-x86_64-unknown-linux-gnu/lib/rustlib/riscv64imac-unknown-none-elf/lib/libcompiler_builtins-4a582c3407f4ffac.rlib(compiler_builtins-4a582c3407f4ffac.compiler_builtins.359a4673af8eb3be-cgu.260.rcgu.o):(.debug_ranges)
           16c90            16c90        0     1                 .L0 
           16c90            16c90        0     1                 $d
           16cc0            16cc0       70     1         /home/u/.rustup/toolchains/nightly-x86_64-unknown-linux-gnu/lib/rustlib/riscv64imac-unknown-none-elf/lib/libcompiler_builtins-4a582c3407f4ffac.rlib(compiler_builtins-4a582c3407f4ffac.compiler_builtins.359a4673af8eb3be-cgu.261.rcgu.o):(.debug_ranges)
           16cc0            16cc0        0     1                 .L0 
           16cc0            16cc0        0     1                 $d
           16d00            16d00        0     1                 .L0 
           16d30            16d30      260     1         /home/u/.rustup/toolchains/nightly-x86_64-unknown-linux-gnu/lib/rustlib/riscv64imac-unknown-none-elf/lib/libcompiler_builtins-4a582c3407f4ffac.rlib(compiler_builtins-4a582c3407f4ffac.compiler_builtins.359a4673af8eb3be-cgu.014.rcgu.o):(.debug_ranges)
           16d30            16d30        0     1                 .L0 
           16d30            16d30        0     1                 $d
           16d60            16d60        0     1                 .L0 
           16d90            16d90        0     1                 .L0 
           16dc0            16dc0        0     1                 .L0 
           16df0            16df0        0     1                 .L0 
           16e20            16e20        0     1                 .L0 
           16e50            16e50        0     1                 .L0 
           16e80            16e80        0     1                 .L0 
           16ec0            16ec0        0     1                 .L0 
           16ef0            16ef0        0     1                 .L0 
           16f20            16f20        0     1                 .L0 
           16f50            16f50        0     1                 .L0 
           16f90            16f90       40     1         /home/u/.rustup/toolchains/nightly-x86_64-unknown-linux-gnu/lib/rustlib/riscv64imac-unknown-none-elf/lib/libcompiler_builtins-4a582c3407f4ffac.rlib(compiler_builtins-4a582c3407f4ffac.compiler_builtins.359a4673af8eb3be-cgu.338.rcgu.o):(.debug_ranges)
           16f90            16f90        0     1                 .L0 
           16f90            16f90        0     1                 $d
           16fd0            16fd0       40     1         /home/u/.rustup/toolchains/nightly-x86_64-unknown-linux-gnu/lib/rustlib/riscv64imac-unknown-none-elf/lib/libcompiler_builtins-4a582c3407f4ffac.rlib(compiler_builtins-4a582c3407f4ffac.compiler_builtins.359a4673af8eb3be-cgu.339.rcgu.o):(.debug_ranges)
           16fd0            16fd0        0     1                 .L0 
           16fd0            16fd0        0     1                 $d
           17010            17010       40     1         /home/u/.rustup/toolchains/nightly-x86_64-unknown-linux-gnu/lib/rustlib/riscv64imac-unknown-none-elf/lib/libcompiler_builtins-4a582c3407f4ffac.rlib(compiler_builtins-4a582c3407f4ffac.compiler_builtins.359a4673af8eb3be-cgu.353.rcgu.o):(.debug_ranges)
           17010            17010        0     1                 .L0 
           17010            17010        0     1                 $d
           17050            17050       90     1         /home/u/.rustup/toolchains/nightly-x86_64-unknown-linux-gnu/lib/rustlib/riscv64imac-unknown-none-elf/lib/libcompiler_builtins-4a582c3407f4ffac.rlib(compiler_builtins-4a582c3407f4ffac.compiler_builtins.359a4673af8eb3be-cgu.355.rcgu.o):(.debug_ranges)
           17050            17050        0     1                 .L0 
           17050            17050        0     1                 $d
           17080            17080        0     1                 .L0 
           170b0            170b0        0     1                 .L0 
           170e0            170e0       30     1         /home/u/.rustup/toolchains/nightly-x86_64-unknown-linux-gnu/lib/rustlib/riscv64imac-unknown-none-elf/lib/libcompiler_builtins-4a582c3407f4ffac.rlib(compiler_builtins-4a582c3407f4ffac.compiler_builtins.359a4673af8eb3be-cgu.383.rcgu.o):(.debug_ranges)
           170e0            170e0        0     1                 .L0 
           170e0            170e0        0     1                 $d
           17110            17110       70     1         /home/u/.rustup/toolchains/nightly-x86_64-unknown-linux-gnu/lib/rustlib/riscv64imac-unknown-none-elf/lib/libcompiler_builtins-4a582c3407f4ffac.rlib(compiler_builtins-4a582c3407f4ffac.compiler_builtins.359a4673af8eb3be-cgu.384.rcgu.o):(.debug_ranges)
           17110            17110        0     1                 .L0 
           17110            17110        0     1                 $d
           17150            17150        0     1                 .L0 
           17180            17180       30     1         /home/u/.rustup/toolchains/nightly-x86_64-unknown-linux-gnu/lib/rustlib/riscv64imac-unknown-none-elf/lib/libcompiler_builtins-4a582c3407f4ffac.rlib(compiler_builtins-4a582c3407f4ffac.compiler_builtins.359a4673af8eb3be-cgu.393.rcgu.o):(.debug_ranges)
           17180            17180        0     1                 .L0 
           17180            17180        0     1                 $d
               0                0    3ba0c     1 .debug_str
               0                0    3ba0c     1         <internal>:(.debug_str)
               0                0       93     1 .comment
               0                0       93     1         <internal>:(.comment)
               0                0       47     1 .riscv.attributes
               0                0       47     1         <internal>:(.riscv.attributes)
               0                0       a8     8 .debug_frame
               0                0       38     8         /home/u/develop/rost_riscv/target/riscv64imac-unknown-none-elf/debug/deps/rost_riscv-4c15f3a86dfdbb2c.2f40wl5k9hkvg0zk9at17yl6m.rcgu.o:(.debug_frame)
               0                0        0     1                 .L0 
               0                0        0     1                 $d
              38               38       70     8         /home/u/develop/rost_riscv/target/riscv64imac-unknown-none-elf/debug/deps/rost_riscv-4c15f3a86dfdbb2c.ejog7uowoolmo8gedcrnjuitm.rcgu.o:(.debug_frame)
              38               38        0     1                 .L0 
              38               38        0     1                 $d
               0                0    2868c     1 .debug_line
               0                0      32b     1         /home/u/develop/rost_riscv/target/riscv64imac-unknown-none-elf/debug/deps/rost_riscv-4c15f3a86dfdbb2c.2f40wl5k9hkvg0zk9at17yl6m.rcgu.o:(.debug_line)
               0                0        0     1                 .Lline_table_start0
               0                0        0     1                 $d
             32b              32b      1d7     1         /home/u/develop/rost_riscv/target/riscv64imac-unknown-none-elf/debug/deps/rost_riscv-4c15f3a86dfdbb2c.ejog7uowoolmo8gedcrnjuitm.rcgu.o:(.debug_line)
             32b              32b        0     1                 .Lline_table_start0
             32b              32b        0     1                 $d
             502              502    230ac     1         /home/u/.rustup/toolchains/nightly-x86_64-unknown-linux-gnu/lib/rustlib/riscv64imac-unknown-none-elf/lib/libcore-9e7c54f03933e946.rlib(core-9e7c54f03933e946.core.d38e516c233c8d20-cgu.0.rcgu.o):(.debug_line)
             502              502        0     1                 .Lline_table_start0
             502              502        0     1                 $d
           235ae            235ae      275     1         /home/u/.rustup/toolchains/nightly-x86_64-unknown-linux-gnu/lib/rustlib/riscv64imac-unknown-none-elf/lib/libcompiler_builtins-4a582c3407f4ffac.rlib(compiler_builtins-4a582c3407f4ffac.compiler_builtins.359a4673af8eb3be-cgu.178.rcgu.o):(.debug_line)
           235ae            235ae        0     1                 .Lline_table_start0
           235ae            235ae        0     1                 $d
           23746            23746        0     1                 .Lline_table_start1
           23823            23823       4e     1         /home/u/.rustup/toolchains/nightly-x86_64-unknown-linux-gnu/lib/rustlib/riscv64imac-unknown-none-elf/lib/libcompiler_builtins-4a582c3407f4ffac.rlib(compiler_builtins-4a582c3407f4ffac.compiler_builtins.359a4673af8eb3be-cgu.186.rcgu.o):(.debug_line)
           23823            23823        0     1                 .Lline_table_start0
           23823            23823        0     1                 $d
           23871            23871     15eb     1         /home/u/.rustup/toolchains/nightly-x86_64-unknown-linux-gnu/lib/rustlib/riscv64imac-unknown-none-elf/lib/libcompiler_builtins-4a582c3407f4ffac.rlib(compiler_builtins-4a582c3407f4ffac.compiler_builtins.359a4673af8eb3be-cgu.000.rcgu.o):(.debug_line)
           23871            23871        0     1                 .Lline_table_start0
           23871            23871        0     1                 $d
           24d38            24d38        0     1                 .Lline_table_start1
           24dbf            24dbf        0     1                 .Lline_table_start2
           24e5c            24e5c      28f     1         /home/u/.rustup/toolchains/nightly-x86_64-unknown-linux-gnu/lib/rustlib/riscv64imac-unknown-none-elf/lib/libcompiler_builtins-4a582c3407f4ffac.rlib(compiler_builtins-4a582c3407f4ffac.compiler_builtins.359a4673af8eb3be-cgu.216.rcgu.o):(.debug_line)
           24e5c            24e5c        0     1                 .Lline_table_start0
           24e5c            24e5c        0     1                 $d
           2500e            2500e        0     1                 .Lline_table_start1
           250eb            250eb       4e     1         /home/u/.rustup/toolchains/nightly-x86_64-unknown-linux-gnu/lib/rustlib/riscv64imac-unknown-none-elf/lib/libcompiler_builtins-4a582c3407f4ffac.rlib(compiler_builtins-4a582c3407f4ffac.compiler_builtins.359a4673af8eb3be-cgu.237.rcgu.o):(.debug_line)
           250eb            250eb        0     1                 .Lline_table_start0
           250eb            250eb        0     1                 $d
           25139            25139     114d     1         /home/u/.rustup/toolchains/nightly-x86_64-unknown-linux-gnu/lib/rustlib/riscv64imac-unknown-none-elf/lib/libcompiler_builtins-4a582c3407f4ffac.rlib(compiler_builtins-4a582c3407f4ffac.compiler_builtins.359a4673af8eb3be-cgu.006.rcgu.o):(.debug_line)
           25139            25139        0     1                 .Lline_table_start0
           25139            25139        0     1                 $d
           2612f            2612f        0     1                 .Lline_table_start1
           261b6            261b6        0     1                 .Lline_table_start2
           26253            26253        0     1                 .Lline_table_start3
           26286            26286      100     1         /home/u/.rustup/toolchains/nightly-x86_64-unknown-linux-gnu/lib/rustlib/riscv64imac-unknown-none-elf/lib/libcompiler_builtins-4a582c3407f4ffac.rlib(compiler_builtins-4a582c3407f4ffac.compiler_builtins.359a4673af8eb3be-cgu.260.rcgu.o):(.debug_line)
           26286            26286        0     1                 .Lline_table_start0
           26286            26286        0     1                 $d
           26343            26343        0     1                 .Lline_table_start1
           26386            26386      2ea     1         /home/u/.rustup/toolchains/nightly-x86_64-unknown-linux-gnu/lib/rustlib/riscv64imac-unknown-none-elf/lib/libcompiler_builtins-4a582c3407f4ffac.rlib(compiler_builtins-4a582c3407f4ffac.compiler_builtins.359a4673af8eb3be-cgu.261.rcgu.o):(.debug_line)
           26386            26386        0     1                 .Lline_table_start0
           26386            26386        0     1                 $d
           2655c            2655c        0     1                 .Lline_table_start1
           26641            26641        0     1                 .Lline_table_start2
           26670            26670       4e     1         /home/u/.rustup/toolchains/nightly-x86_64-unknown-linux-gnu/lib/rustlib/riscv64imac-unknown-none-elf/lib/libcompiler_builtins-4a582c3407f4ffac.rlib(compiler_builtins-4a582c3407f4ffac.compiler_builtins.359a4673af8eb3be-cgu.304.rcgu.o):(.debug_line)
           26670            26670        0     1                 .Lline_table_start0
           26670            26670        0     1                 $d
           266be            266be       9e     1         /home/u/.rustup/toolchains/nightly-x86_64-unknown-linux-gnu/lib/rustlib/riscv64imac-unknown-none-elf/lib/libcompiler_builtins-4a582c3407f4ffac.rlib(compiler_builtins-4a582c3407f4ffac.compiler_builtins.359a4673af8eb3be-cgu.316.rcgu.o):(.debug_line)
           266be            266be        0     1                 .Lline_table_start0
           266be            266be        0     1                 $d
           2672d            2672d        0     1                 .Lline_table_start1
           2675c            2675c      9c6     1         /home/u/.rustup/toolchains/nightly-x86_64-unknown-linux-gnu/lib/rustlib/riscv64imac-unknown-none-elf/lib/libcompiler_builtins-4a582c3407f4ffac.rlib(compiler_builtins-4a582c3407f4ffac.compiler_builtins.359a4673af8eb3be-cgu.014.rcgu.o):(.debug_line)
           2675c            2675c        0     1                 .Lline_table_start0
           2675c            2675c        0     1                 $d
           27122            27122      293     1         /home/u/.rustup/toolchains/nightly-x86_64-unknown-linux-gnu/lib/rustlib/riscv64imac-unknown-none-elf/lib/libcompiler_builtins-4a582c3407f4ffac.rlib(compiler_builtins-4a582c3407f4ffac.compiler_builtins.359a4673af8eb3be-cgu.338.rcgu.o):(.debug_line)
           27122            27122        0     1                 .Lline_table_start0
           27122            27122        0     1                 $d
           272d8            272d8        0     1                 .Lline_table_start1
           273b5            273b5      293     1         /home/u/.rustup/toolchains/nightly-x86_64-unknown-linux-gnu/lib/rustlib/riscv64imac-unknown-none-elf/lib/libcompiler_builtins-4a582c3407f4ffac.rlib(compiler_builtins-4a582c3407f4ffac.compiler_builtins.359a4673af8eb3be-cgu.339.rcgu.o):(.debug_line)
           273b5            273b5        0     1                 .Lline_table_start0
           273b5            273b5        0     1                 $d
           2756b            2756b        0     1                 .Lline_table_start1
           27648            27648      28f     1         /home/u/.rustup/toolchains/nightly-x86_64-unknown-linux-gnu/lib/rustlib/riscv64imac-unknown-none-elf/lib/libcompiler_builtins-4a582c3407f4ffac.rlib(compiler_builtins-4a582c3407f4ffac.compiler_builtins.359a4673af8eb3be-cgu.353.rcgu.o):(.debug_line)
           27648            27648        0     1                 .Lline_table_start0
           27648            27648        0     1                 $d
           277fa            277fa        0     1                 .Lline_table_start1
           278d7            278d7       4e     1         /home/u/.rustup/toolchains/nightly-x86_64-unknown-linux-gnu/lib/rustlib/riscv64imac-unknown-none-elf/lib/libcompiler_builtins-4a582c3407f4ffac.rlib(compiler_builtins-4a582c3407f4ffac.compiler_builtins.359a4673af8eb3be-cgu.354.rcgu.o):(.debug_line)
           278d7            278d7        0     1                 .Lline_table_start0
           278d7            278d7        0     1                 $d
           27925            27925      3ac     1         /home/u/.rustup/toolchains/nightly-x86_64-unknown-linux-gnu/lib/rustlib/riscv64imac-unknown-none-elf/lib/libcompiler_builtins-4a582c3407f4ffac.rlib(compiler_builtins-4a582c3407f4ffac.compiler_builtins.359a4673af8eb3be-cgu.355.rcgu.o):(.debug_line)
           27925            27925        0     1                 .Lline_table_start0
           27925            27925        0     1                 $d
           27b8e            27b8e        0     1                 .Lline_table_start1
           27cd1            27cd1      26b     1         /home/u/.rustup/toolchains/nightly-x86_64-unknown-linux-gnu/lib/rustlib/riscv64imac-unknown-none-elf/lib/libcompiler_builtins-4a582c3407f4ffac.rlib(compiler_builtins-4a582c3407f4ffac.compiler_builtins.359a4673af8eb3be-cgu.383.rcgu.o):(.debug_line)
           27cd1            27cd1        0     1                 .Lline_table_start0
           27cd1            27cd1        0     1                 $d
           27e5f            27e5f        0     1                 .Lline_table_start1
           27f3c            27f3c      2b0     1         /home/u/.rustup/toolchains/nightly-x86_64-unknown-linux-gnu/lib/rustlib/riscv64imac-unknown-none-elf/lib/libcompiler_builtins-4a582c3407f4ffac.rlib(compiler_builtins-4a582c3407f4ffac.compiler_builtins.359a4673af8eb3be-cgu.384.rcgu.o):(.debug_line)
           27f3c            27f3c        0     1                 .Lline_table_start0
           27f3c            27f3c        0     1                 $d
           280d8            280d8        0     1                 .Lline_table_start1
           281bd            281bd        0     1                 .Lline_table_start2
           281ec            281ec      4a0     1         /home/u/.rustup/toolchains/nightly-x86_64-unknown-linux-gnu/lib/rustlib/riscv64imac-unknown-none-elf/lib/libcompiler_builtins-4a582c3407f4ffac.rlib(compiler_builtins-4a582c3407f4ffac.compiler_builtins.359a4673af8eb3be-cgu.393.rcgu.o):(.debug_line)
           281ec            281ec        0     1                 .Lline_table_start0
           281ec            281ec        0     1                 $d
           28539            28539        0     1                 .Lline_table_start1
               0                0     b5b0     8 .symtab
               0                0     b5b0     8         <internal>:(.symtab)
               0                0       ae     1 .shstrtab
               0                0       ae     1         <internal>:(.shstrtab)
               0                0     2d02     1 .strtab
               0                0     2d02     1         <internal>:(.strtab)
